DCTN-0413110535-2:202883:203034 [0] NCCL INFO [Proxy Service] Device 1 CPU core 11
DCTN-0413110535-2:202884:203035 [0] NCCL INFO [Proxy Service] Device 2 CPU core 13
DCTN-0413110535-2:202883:203036 [0] NCCL INFO [Proxy Service UDS] Device 1 CPU core 29
DCTN-0413110535-2:202884:203037 [0] NCCL INFO [Proxy Service UDS] Device 2 CPU core 32
DCTN-0413110535-2:202888:202888 [6] NCCL INFO PROFILER/Plugin: Could not find: libnccl-profiler.so
DCTN-0413110535-2:202888:202888 [6] NCCL INFO Check P2P Type isAllDirectP2p 1 directMode 0 isAllCudaP2p 1
DCTN-0413110535-2:202888:203038 [0] NCCL INFO [Proxy Service] Device 6 CPU core 40
DCTN-0413110535-2:202888:203039 [0] NCCL INFO [Proxy Service UDS] Device 6 CPU core 54
DCTN-0413110535-2:202889:202889 [7] NCCL INFO PROFILER/Plugin: Could not find: libnccl-profiler.so
DCTN-0413110535-2:202889:202889 [7] NCCL INFO Check P2P Type isAllDirectP2p 1 directMode 0 isAllCudaP2p 1
DCTN-0413110535-2:202889:203040 [0] NCCL INFO [Proxy Service] Device 7 CPU core 66
DCTN-0413110535-2:202889:203041 [0] NCCL INFO [Proxy Service UDS] Device 7 CPU core 64
DCTN-0413110535-2:202887:202887 [5] NCCL INFO TUNER/Plugin: Could not find: libnccl-tuner.so
DCTN-0413110535-2:202887:202887 [5] NCCL INFO threadThresholds 8/8/64 | 128/8/64 | 512 | 512
DCTN-0413110535-2:202887:202887 [5] NCCL INFO 20 coll channels, 20 collnet channels, 0 nvls channels, 32 p2p channels, 2 p2p channels per peer
DCTN-0413110535-2:202886:202886 [4] NCCL INFO TUNER/Plugin: Could not find: libnccl-tuner.so
DCTN-0413110535-2:202886:202886 [4] NCCL INFO threadThresholds 8/8/64 | 128/8/64 | 512 | 512
DCTN-0413110535-2:202886:202886 [4] NCCL INFO 20 coll channels, 20 collnet channels, 0 nvls channels, 32 p2p channels, 2 p2p channels per peer
DCTN-0413110535-2:202882:202882 [0] NCCL INFO TUNER/Plugin: Could not find: libnccl-tuner.so
DCTN-0413110535-2:202882:202882 [0] NCCL INFO threadThresholds 8/8/64 | 128/8/64 | 512 | 512
DCTN-0413110535-2:202882:202882 [0] NCCL INFO 20 coll channels, 20 collnet channels, 0 nvls channels, 32 p2p channels, 2 p2p channels per peer
DCTN-0413110535-2:202884:202884 [2] NCCL INFO TUNER/Plugin: Could not find: libnccl-tuner.so
DCTN-0413110535-2:202884:202884 [2] NCCL INFO threadThresholds 8/8/64 | 128/8/64 | 512 | 512
DCTN-0413110535-2:202884:202884 [2] NCCL INFO 20 coll channels, 20 collnet channels, 0 nvls channels, 32 p2p channels, 2 p2p channels per peer
DCTN-0413110535-2:202888:202888 [6] NCCL INFO TUNER/Plugin: Could not find: libnccl-tuner.so
DCTN-0413110535-2:202888:202888 [6] NCCL INFO threadThresholds 8/8/64 | 128/8/64 | 512 | 512
DCTN-0413110535-2:202888:202888 [6] NCCL INFO 20 coll channels, 20 collnet channels, 0 nvls channels, 32 p2p channels, 2 p2p channels per peer
DCTN-0413110535-2:202883:202883 [1] NCCL INFO TUNER/Plugin: Could not find: libnccl-tuner.so
DCTN-0413110535-2:202883:202883 [1] NCCL INFO threadThresholds 8/8/64 | 128/8/64 | 512 | 512
DCTN-0413110535-2:202883:202883 [1] NCCL INFO 20 coll channels, 20 collnet channels, 0 nvls channels, 32 p2p channels, 2 p2p channels per peer
DCTN-0413110535-2:202889:202889 [7] NCCL INFO TUNER/Plugin: Could not find: libnccl-tuner.so
DCTN-0413110535-2:202889:202889 [7] NCCL INFO threadThresholds 8/8/64 | 128/8/64 | 512 | 512
DCTN-0413110535-2:202889:202889 [7] NCCL INFO 20 coll channels, 20 collnet channels, 0 nvls channels, 32 p2p channels, 2 p2p channels per peer
DCTN-0413110535-2:202885:202885 [3] NCCL INFO TUNER/Plugin: Could not find: libnccl-tuner.so
DCTN-0413110535-2:202885:202885 [3] NCCL INFO threadThresholds 8/8/64 | 128/8/64 | 512 | 512
DCTN-0413110535-2:202885:202885 [3] NCCL INFO 20 coll channels, 20 collnet channels, 0 nvls channels, 32 p2p channels, 2 p2p channels per peer
DCTN-0413110535-2:202884:202884 [2] NCCL INFO ncclCommInitRankConfig comm 0x31c202f0 rank 10 nranks 16 cudaDev 2 nvmlDev 2 busId 64000 commId 0x20df7aa5035d5efc - Init COMPLETE
DCTN-0413110535-2:202882:202882 [0] NCCL INFO ncclCommInitRankConfig comm 0x3968b3f0 rank 8 nranks 16 cudaDev 0 nvmlDev 0 busId 4000 commId 0x20df7aa5035d5efc - Init COMPLETE
DCTN-0413110535-2:202888:202888 [6] NCCL INFO ncclCommInitRankConfig comm 0x17763110 rank 14 nranks 16 cudaDev 6 nvmlDev 6 busId e4000 commId 0x20df7aa5035d5efc - Init COMPLETE
DCTN-0413110535-2:202887:202887 [5] NCCL INFO ncclCommInitRankConfig comm 0x26efd280 rank 13 nranks 16 cudaDev 5 nvmlDev 5 busId 94000 commId 0x20df7aa5035d5efc - Init COMPLETE
DCTN-0413110535-2:202886:202886 [4] NCCL INFO ncclCommInitRankConfig comm 0x3ef0d1b0 rank 12 nranks 16 cudaDev 4 nvmlDev 4 busId 84000 commId 0x20df7aa5035d5efc - Init COMPLETE
DCTN-0413110535-2:202883:202883 [1] NCCL INFO ncclCommInitRankConfig comm 0x180402f0 rank 9 nranks 16 cudaDev 1 nvmlDev 1 busId 14000 commId 0x20df7aa5035d5efc - Init COMPLETE
DCTN-0413110535-2:202882:202882 [0] NCCL INFO Init timings - ncclCommInitRankConfig: rank 8 nranks 16 total 2.72 (kernels 0.25, alloc 0.17, bootstrap 0.60, allgathers 0.01, topo 1.19, graphs 0.42, connections 0.05, rest 0.03)
DCTN-0413110535-2:202884:202884 [2] NCCL INFO Init timings - ncclCommInitRankConfig: rank 10 nranks 16 total 2.53 (kernels 0.29, alloc 0.48, bootstrap 0.07, allgathers 0.01, topo 1.19, graphs 0.42, connections 0.04, rest 0.03)
DCTN-0413110535-2:202888:202888 [6] NCCL INFO Init timings - ncclCommInitRankConfig: rank 14 nranks 16 total 2.45 (kernels 0.22, alloc 0.52, bootstrap 0.02, allgathers 0.01, topo 1.19, graphs 0.42, connections 0.04, rest 0.03)
DCTN-0413110535-2:202887:202887 [5] NCCL INFO Init timings - ncclCommInitRankConfig: rank 13 nranks 16 total 2.46 (kernels 0.23, alloc 0.52, bootstrap 0.02, allgathers 0.00, topo 1.19, graphs 0.43, connections 0.04, rest 0.03)
DCTN-0413110535-2:202889:202889 [7] NCCL INFO ncclCommInitRankConfig comm 0x275de290 rank 15 nranks 16 cudaDev 7 nvmlDev 7 busId f6000 commId 0x20df7aa5035d5efc - Init COMPLETE
DCTN-0413110535-2:202886:202886 [4] NCCL INFO Init timings - ncclCommInitRankConfig: rank 12 nranks 16 total 2.52 (kernels 0.28, alloc 0.51, bootstrap 0.04, allgathers 0.02, topo 1.19, graphs 0.41, connections 0.04, rest 0.03)
DCTN-0413110535-2:202883:202883 [1] NCCL INFO Init timings - ncclCommInitRankConfig: rank 9 nranks 16 total 2.47 (kernels 0.24, alloc 0.52, bootstrap 0.02, allgathers 0.01, topo 1.19, graphs 0.42, connections 0.04, rest 0.03)
DCTN-0413110535-2:202885:202885 [3] NCCL INFO ncclCommInitRankConfig comm 0x23b300b0 rank 11 nranks 16 cudaDev 3 nvmlDev 3 busId 77000 commId 0x20df7aa5035d5efc - Init COMPLETE
DCTN-0413110535-2:202889:202889 [7] NCCL INFO Init timings - ncclCommInitRankConfig: rank 15 nranks 16 total 2.48 (kernels 0.24, alloc 0.52, bootstrap 0.02, allgathers 0.01, topo 1.19, graphs 0.42, connections 0.04, rest 0.03)
DCTN-0413110535-2:202885:202885 [3] NCCL INFO Init timings - ncclCommInitRankConfig: rank 11 nranks 16 total 2.63 (kernels 0.18, alloc 0.20, bootstrap 0.55, allgathers 0.00, topo 1.19, graphs 0.42, connections 0.05, rest 0.03)
DCTN-0413110535-2:202887:202887 [5] NCCL INFO Channel 00/0 : 13[5] -> 15[7] via P2P/CUMEM
DCTN-0413110535-2:202882:202882 [0] NCCL INFO Channel 01/0 : 8[0] -> 9[1] via P2P/CUMEM
DCTN-0413110535-2:202887:202887 [5] NCCL INFO Channel 01/0 : 13[5] -> 15[7] via P2P/CUMEM
DCTN-0413110535-2:202887:202887 [5] NCCL INFO Channel 02/0 : 13[5] -> 15[7] via P2P/CUMEM
DCTN-0413110535-2:202882:202882 [0] NCCL INFO Channel 02/0 : 8[0] -> 9[1] via P2P/CUMEM
DCTN-0413110535-2:202887:202887 [5] NCCL INFO Channel 03/0 : 13[5] -> 15[7] via P2P/CUMEM
DCTN-0413110535-2:202882:202882 [0] NCCL INFO Channel 03/0 : 8[0] -> 9[1] via P2P/CUMEM
DCTN-0413110535-2:202887:202887 [5] NCCL INFO Channel 04/0 : 13[5] -> 15[7] via P2P/CUMEM
DCTN-0413110535-2:202888:202888 [6] NCCL INFO Channel 00/0 : 14[6] -> 15[7] via P2P/CUMEM
DCTN-0413110535-2:202882:202882 [0] NCCL INFO Channel 04/0 : 8[0] -> 9[1] via P2P/CUMEM
DCTN-0413110535-2:202882:202882 [0] NCCL INFO Channel 05/0 : 8[0] -> 9[1] via P2P/CUMEM
DCTN-0413110535-2:202887:202887 [5] NCCL INFO Channel 05/0 : 13[5] -> 15[7] via P2P/CUMEM
DCTN-0413110535-2:202888:202888 [6] NCCL INFO Channel 01/0 : 14[6] -> 15[7] via P2P/CUMEM
DCTN-0413110535-2:202887:202887 [5] NCCL INFO Channel 06/0 : 13[5] -> 15[7] via P2P/CUMEM
DCTN-0413110535-2:202888:202888 [6] NCCL INFO Channel 02/0 : 14[6] -> 15[7] via P2P/CUMEM
DCTN-0413110535-2:202887:202887 [5] NCCL INFO Channel 07/0 : 13[5] -> 15[7] via P2P/CUMEM
DCTN-0413110535-2:202882:202882 [0] NCCL INFO Channel 07/0 : 8[0] -> 9[1] via P2P/CUMEM
DCTN-0413110535-2:202887:202887 [5] NCCL INFO Channel 08/0 : 13[5] -> 15[7] via P2P/CUMEM
DCTN-0413110535-2:202888:202888 [6] NCCL INFO Channel 03/0 : 14[6] -> 15[7] via P2P/CUMEM
DCTN-0413110535-2:202887:202887 [5] NCCL INFO Channel 09/0 : 13[5] -> 15[7] via P2P/CUMEM
DCTN-0413110535-2:202882:202882 [0] NCCL INFO Channel 08/0 : 8[0] -> 9[1] via P2P/CUMEM
DCTN-0413110535-2:202888:202888 [6] NCCL INFO Channel 04/0 : 14[6] -> 15[7] via P2P/CUMEM
DCTN-0413110535-2:202888:202888 [6] NCCL INFO Channel 06/0 : 14[6] -> 15[7] via P2P/CUMEM
DCTN-0413110535-2:202888:202888 [6] NCCL INFO Channel 07/0 : 14[6] -> 15[7] via P2P/CUMEM
DCTN-0413110535-2:202887:202887 [5] NCCL INFO Channel 10/0 : 13[5] -> 15[7] via P2P/CUMEM
DCTN-0413110535-2:202882:202882 [0] NCCL INFO Channel 09/0 : 8[0] -> 9[1] via P2P/CUMEM
DCTN-0413110535-2:202882:202882 [0] NCCL INFO Channel 11/0 : 8[0] -> 9[1] via P2P/CUMEM
DCTN-0413110535-2:202888:202888 [6] NCCL INFO Channel 08/0 : 14[6] -> 15[7] via P2P/CUMEM
DCTN-0413110535-2:202887:202887 [5] NCCL INFO Channel 11/0 : 13[5] -> 15[7] via P2P/CUMEM
DCTN-0413110535-2:202888:202888 [6] NCCL INFO Channel 09/0 : 14[6] -> 15[7] via P2P/CUMEM
DCTN-0413110535-2:202887:202887 [5] NCCL INFO Channel 12/0 : 13[5] -> 15[7] via P2P/CUMEM
DCTN-0413110535-2:202882:202882 [0] NCCL INFO Channel 12/0 : 8[0] -> 9[1] via P2P/CUMEM
DCTN-0413110535-2:202887:202887 [5] NCCL INFO Channel 13/0 : 13[5] -> 15[7] via P2P/CUMEM
DCTN-0413110535-2:202888:202888 [6] NCCL INFO Channel 10/0 : 14[6] -> 15[7] via P2P/CUMEM
DCTN-0413110535-2:202887:202887 [5] NCCL INFO Channel 14/0 : 13[5] -> 15[7] via P2P/CUMEM
DCTN-0413110535-2:202888:202888 [6] NCCL INFO Channel 11/0 : 14[6] -> 15[7] via P2P/CUMEM
DCTN-0413110535-2:202888:202888 [6] NCCL INFO Channel 12/0 : 14[6] -> 15[7] via P2P/CUMEM
DCTN-0413110535-2:202887:202887 [5] NCCL INFO Channel 15/0 : 13[5] -> 15[7] via P2P/CUMEM
DCTN-0413110535-2:202882:202882 [0] NCCL INFO Channel 13/0 : 8[0] -> 9[1] via P2P/CUMEM
DCTN-0413110535-2:202888:202888 [6] NCCL INFO Channel 13/0 : 14[6] -> 15[7] via P2P/CUMEM
DCTN-0413110535-2:202882:202882 [0] NCCL INFO Channel 14/0 : 8[0] -> 9[1] via P2P/CUMEM
DCTN-0413110535-2:202887:202887 [5] NCCL INFO Channel 16/0 : 13[5] -> 15[7] via P2P/CUMEM
DCTN-0413110535-2:202882:202882 [0] NCCL INFO Channel 15/0 : 8[0] -> 9[1] via P2P/CUMEM
DCTN-0413110535-2:202887:202887 [5] NCCL INFO Channel 17/0 : 13[5] -> 15[7] via P2P/CUMEM
DCTN-0413110535-2:202882:202882 [0] NCCL INFO Channel 17/0 : 8[0] -> 9[1] via P2P/CUMEM
DCTN-0413110535-2:202888:202888 [6] NCCL INFO Channel 14/0 : 14[6] -> 15[7] via P2P/CUMEM
DCTN-0413110535-2:202884:202884 [2] NCCL INFO Channel 00/0 : 10[2] -> 11[3] via P2P/CUMEM
DCTN-0413110535-2:202887:202887 [5] NCCL INFO Channel 18/0 : 13[5] -> 15[7] via P2P/CUMEM
DCTN-0413110535-2:202887:202887 [5] NCCL INFO Channel 19/0 : 13[5] -> 15[7] via P2P/CUMEM
DCTN-0413110535-2:202884:202884 [2] NCCL INFO Channel 01/0 : 10[2] -> 11[3] via P2P/CUMEM
DCTN-0413110535-2:202883:202883 [1] NCCL INFO Channel 00/0 : 9[1] -> 10[2] via P2P/CUMEM
DCTN-0413110535-2:202882:202882 [0] NCCL INFO Channel 18/0 : 8[0] -> 9[1] via P2P/CUMEM
DCTN-0413110535-2:202883:202883 [1] NCCL INFO Channel 02/0 : 9[1] -> 10[2] via P2P/CUMEM
DCTN-0413110535-2:202888:202888 [6] NCCL INFO Channel 16/0 : 14[6] -> 15[7] via P2P/CUMEM
DCTN-0413110535-2:202884:202884 [2] NCCL INFO Channel 02/0 : 10[2] -> 11[3] via P2P/CUMEM
DCTN-0413110535-2:202882:202882 [0] NCCL INFO Channel 19/0 : 8[0] -> 9[1] via P2P/CUMEM
DCTN-0413110535-2:202888:202888 [6] NCCL INFO Channel 17/0 : 14[6] -> 15[7] via P2P/CUMEM
DCTN-0413110535-2:202883:202883 [1] NCCL INFO Channel 03/0 : 9[1] -> 10[2] via P2P/CUMEM
DCTN-0413110535-2:202884:202884 [2] NCCL INFO Channel 03/0 : 10[2] -> 11[3] via P2P/CUMEM
DCTN-0413110535-2:202883:202883 [1] NCCL INFO Channel 04/0 : 9[1] -> 10[2] via P2P/CUMEM
DCTN-0413110535-2:202885:202885 [3] NCCL INFO Channel 00/0 : 11[3] -> 12[4] via P2P/CUMEM
DCTN-0413110535-2:202884:202884 [2] NCCL INFO Channel 05/0 : 10[2] -> 11[3] via P2P/CUMEM
DCTN-0413110535-2:202888:202888 [6] NCCL INFO Channel 18/0 : 14[6] -> 15[7] via P2P/CUMEM
DCTN-0413110535-2:202888:202888 [6] NCCL INFO Channel 19/0 : 14[6] -> 15[7] via P2P/CUMEM
DCTN-0413110535-2:202883:202883 [1] NCCL INFO Channel 05/0 : 9[1] -> 10[2] via P2P/CUMEM
DCTN-0413110535-2:202885:202885 [3] NCCL INFO Channel 01/0 : 11[3] -> 12[4] via P2P/CUMEM
DCTN-0413110535-2:202884:202884 [2] NCCL INFO Channel 06/0 : 10[2] -> 11[3] via P2P/CUMEM
DCTN-0413110535-2:202885:202885 [3] NCCL INFO Channel 03/0 : 11[3] -> 12[4] via P2P/CUMEM
DCTN-0413110535-2:202883:202883 [1] NCCL INFO Channel 06/0 : 9[1] -> 10[2] via P2P/CUMEM
DCTN-0413110535-2:202884:202884 [2] NCCL INFO Channel 07/0 : 10[2] -> 11[3] via P2P/CUMEM
DCTN-0413110535-2:202885:202885 [3] NCCL INFO Channel 04/0 : 11[3] -> 12[4] via P2P/CUMEM
DCTN-0413110535-2:202884:202884 [2] NCCL INFO Channel 08/0 : 10[2] -> 11[3] via P2P/CUMEM
DCTN-0413110535-2:202885:202885 [3] NCCL INFO Channel 05/0 : 11[3] -> 12[4] via P2P/CUMEM
DCTN-0413110535-2:202884:202884 [2] NCCL INFO Channel 09/0 : 10[2] -> 11[3] via P2P/CUMEM
DCTN-0413110535-2:202883:202883 [1] NCCL INFO Channel 08/0 : 9[1] -> 10[2] via P2P/CUMEM
DCTN-0413110535-2:202885:202885 [3] NCCL INFO Channel 06/0 : 11[3] -> 12[4] via P2P/CUMEM
DCTN-0413110535-2:202883:202883 [1] NCCL INFO Channel 09/0 : 9[1] -> 10[2] via P2P/CUMEM
DCTN-0413110535-2:202884:202884 [2] NCCL INFO Channel 10/0 : 10[2] -> 11[3] via P2P/CUMEM
DCTN-0413110535-2:202885:202885 [3] NCCL INFO Channel 07/0 : 11[3] -> 12[4] via P2P/CUMEM
DCTN-0413110535-2:202884:202884 [2] NCCL INFO Channel 11/0 : 10[2] -> 11[3] via P2P/CUMEM
DCTN-0413110535-2:202885:202885 [3] NCCL INFO Channel 09/0 : 11[3] -> 12[4] via P2P/CUMEM
DCTN-0413110535-2:202883:202883 [1] NCCL INFO Channel 10/0 : 9[1] -> 10[2] via P2P/CUMEM
DCTN-0413110535-2:202885:202885 [3] NCCL INFO Channel 10/0 : 11[3] -> 12[4] via P2P/CUMEM
DCTN-0413110535-2:202883:202883 [1] NCCL INFO Channel 12/0 : 9[1] -> 10[2] via P2P/CUMEM
DCTN-0413110535-2:202884:202884 [2] NCCL INFO Channel 12/0 : 10[2] -> 11[3] via P2P/CUMEM
DCTN-0413110535-2:202885:202885 [3] NCCL INFO Channel 11/0 : 11[3] -> 12[4] via P2P/CUMEM
DCTN-0413110535-2:202884:202884 [2] NCCL INFO Channel 13/0 : 10[2] -> 11[3] via P2P/CUMEM
DCTN-0413110535-2:202883:202883 [1] NCCL INFO Channel 13/0 : 9[1] -> 10[2] via P2P/CUMEM
DCTN-0413110535-2:202885:202885 [3] NCCL INFO Channel 13/0 : 11[3] -> 12[4] via P2P/CUMEM
DCTN-0413110535-2:202884:202884 [2] NCCL INFO Channel 15/0 : 10[2] -> 11[3] via P2P/CUMEM
DCTN-0413110535-2:202883:202883 [1] NCCL INFO Channel 14/0 : 9[1] -> 10[2] via P2P/CUMEM
DCTN-0413110535-2:202883:202883 [1] NCCL INFO Channel 15/0 : 9[1] -> 10[2] via P2P/CUMEM
DCTN-0413110535-2:202884:202884 [2] NCCL INFO Channel 16/0 : 10[2] -> 11[3] via P2P/CUMEM
DCTN-0413110535-2:202885:202885 [3] NCCL INFO Channel 14/0 : 11[3] -> 12[4] via P2P/CUMEM
DCTN-0413110535-2:202885:202885 [3] NCCL INFO Channel 15/0 : 11[3] -> 12[4] via P2P/CUMEM
DCTN-0413110535-2:202883:202883 [1] NCCL INFO Channel 16/0 : 9[1] -> 10[2] via P2P/CUMEM
DCTN-0413110535-2:202884:202884 [2] NCCL INFO Channel 17/0 : 10[2] -> 11[3] via P2P/CUMEM
DCTN-0413110535-2:202884:202884 [2] NCCL INFO Channel 18/0 : 10[2] -> 11[3] via P2P/CUMEM
DCTN-0413110535-2:202885:202885 [3] NCCL INFO Channel 16/0 : 11[3] -> 12[4] via P2P/CUMEM
DCTN-0413110535-2:202883:202883 [1] NCCL INFO Channel 18/0 : 9[1] -> 10[2] via P2P/CUMEM
DCTN-0413110535-2:202884:202884 [2] NCCL INFO Channel 19/0 : 10[2] -> 11[3] via P2P/CUMEM
DCTN-0413110535-2:202883:202883 [1] NCCL INFO Channel 19/0 : 9[1] -> 10[2] via P2P/CUMEM
DCTN-0413110535-2:202882:202882 [0] NCCL INFO Channel 00/0 : 8[0] -> 13[5] via P2P/CUMEM
DCTN-0413110535-2:202885:202885 [3] NCCL INFO Channel 17/0 : 11[3] -> 12[4] via P2P/CUMEM
DCTN-0413110535-2:202882:202882 [0] NCCL INFO Channel 01/0 : 8[0] -> 13[5] via P2P/CUMEM
DCTN-0413110535-2:202885:202885 [3] NCCL INFO Channel 19/0 : 11[3] -> 12[4] via P2P/CUMEM
DCTN-0413110535-2:202882:202882 [0] NCCL INFO Channel 02/0 : 8[0] -> 13[5] via P2P/CUMEM
DCTN-0413110535-2:202882:202882 [0] NCCL INFO Channel 03/0 : 8[0] -> 13[5] via P2P/CUMEM
DCTN-0413110535-2:202886:202886 [4] NCCL INFO Channel 00/0 : 12[4] -> 14[6] via P2P/CUMEM
DCTN-0413110535-2:202882:202882 [0] NCCL INFO Channel 04/0 : 8[0] -> 13[5] via P2P/CUMEM
DCTN-0413110535-2:202886:202886 [4] NCCL INFO Channel 01/0 : 12[4] -> 14[6] via P2P/CUMEM
DCTN-0413110535-2:202882:202882 [0] NCCL INFO Channel 05/0 : 8[0] -> 13[5] via P2P/CUMEM
DCTN-0413110535-2:202886:202886 [4] NCCL INFO Channel 02/0 : 12[4] -> 14[6] via P2P/CUMEM
DCTN-0413110535-2:202882:202882 [0] NCCL INFO Channel 06/0 : 8[0] -> 13[5] via P2P/CUMEM
DCTN-0413110535-2:202886:202886 [4] NCCL INFO Channel 04/0 : 12[4] -> 14[6] via P2P/CUMEM
DCTN-0413110535-2:202882:202882 [0] NCCL INFO Channel 07/0 : 8[0] -> 13[5] via P2P/CUMEM
DCTN-0413110535-2:202886:202886 [4] NCCL INFO Channel 05/0 : 12[4] -> 14[6] via P2P/CUMEM
DCTN-0413110535-2:202882:202882 [0] NCCL INFO Channel 08/0 : 8[0] -> 13[5] via P2P/CUMEM
DCTN-0413110535-2:202886:202886 [4] NCCL INFO Channel 06/0 : 12[4] -> 14[6] via P2P/CUMEM
DCTN-0413110535-2:202882:202882 [0] NCCL INFO Channel 09/0 : 8[0] -> 13[5] via P2P/CUMEM
DCTN-0413110535-2:202886:202886 [4] NCCL INFO Channel 07/0 : 12[4] -> 14[6] via P2P/CUMEM
DCTN-0413110535-2:202886:202886 [4] NCCL INFO Channel 08/0 : 12[4] -> 14[6] via P2P/CUMEM
DCTN-0413110535-2:202886:202886 [4] NCCL INFO Channel 10/0 : 12[4] -> 14[6] via P2P/CUMEM
DCTN-0413110535-2:202886:202886 [4] NCCL INFO Channel 11/0 : 12[4] -> 14[6] via P2P/CUMEM
DCTN-0413110535-2:202882:202882 [0] NCCL INFO Channel 10/0 : 8[0] -> 13[5] via P2P/CUMEM
DCTN-0413110535-2:202886:202886 [4] NCCL INFO Channel 12/0 : 12[4] -> 14[6] via P2P/CUMEM
DCTN-0413110535-2:202882:202882 [0] NCCL INFO Channel 11/0 : 8[0] -> 13[5] via P2P/CUMEM
DCTN-0413110535-2:202886:202886 [4] NCCL INFO Channel 14/0 : 12[4] -> 14[6] via P2P/CUMEM
DCTN-0413110535-2:202882:202882 [0] NCCL INFO Channel 12/0 : 8[0] -> 13[5] via P2P/CUMEM
DCTN-0413110535-2:202886:202886 [4] NCCL INFO Channel 15/0 : 12[4] -> 14[6] via P2P/CUMEM
DCTN-0413110535-2:202882:202882 [0] NCCL INFO Channel 13/0 : 8[0] -> 13[5] via P2P/CUMEM
DCTN-0413110535-2:202886:202886 [4] NCCL INFO Channel 16/0 : 12[4] -> 14[6] via P2P/CUMEM
DCTN-0413110535-2:202882:202882 [0] NCCL INFO Channel 14/0 : 8[0] -> 13[5] via P2P/CUMEM
DCTN-0413110535-2:202886:202886 [4] NCCL INFO Channel 17/0 : 12[4] -> 14[6] via P2P/CUMEM
DCTN-0413110535-2:202882:202882 [0] NCCL INFO Channel 15/0 : 8[0] -> 13[5] via P2P/CUMEM
DCTN-0413110535-2:202886:202886 [4] NCCL INFO Channel 18/0 : 12[4] -> 14[6] via P2P/CUMEM
DCTN-0413110535-2:202882:202882 [0] NCCL INFO Channel 16/0 : 8[0] -> 13[5] via P2P/CUMEM
DCTN-0413110535-2:202882:202882 [0] NCCL INFO Channel 17/0 : 8[0] -> 13[5] via P2P/CUMEM
DCTN-0413110535-2:202882:202882 [0] NCCL INFO Channel 18/0 : 8[0] -> 13[5] via P2P/CUMEM
DCTN-0413110535-2:202882:202882 [0] NCCL INFO Channel 19/0 : 8[0] -> 13[5] via P2P/CUMEM
DCTN-0413110535-2:202887:202887 [5] NCCL INFO Channel 00/0 : 13[5] -> 8[0] via P2P/CUMEM
DCTN-0413110535-2:202887:202887 [5] NCCL INFO Channel 01/0 : 13[5] -> 8[0] via P2P/CUMEM
DCTN-0413110535-2:202887:202887 [5] NCCL INFO Channel 02/0 : 13[5] -> 8[0] via P2P/CUMEM
DCTN-0413110535-2:202887:202887 [5] NCCL INFO Channel 03/0 : 13[5] -> 8[0] via P2P/CUMEM
DCTN-0413110535-2:202887:202887 [5] NCCL INFO Channel 04/0 : 13[5] -> 8[0] via P2P/CUMEM
DCTN-0413110535-2:202887:202887 [5] NCCL INFO Channel 05/0 : 13[5] -> 8[0] via P2P/CUMEM
DCTN-0413110535-2:202883:203042 [0] NCCL INFO [Proxy Progress] Device 1 CPU core 23
DCTN-0413110535-2:202887:202887 [5] NCCL INFO Channel 06/0 : 13[5] -> 8[0] via P2P/CUMEM
DCTN-0413110535-2:202883:202883 [1] NCCL INFO Channel 00/0 : 1[1] -> 9[1] [receive] via NET/IBext_v11/2/GDRDMA
DCTN-0413110535-2:202887:202887 [5] NCCL INFO Channel 07/0 : 13[5] -> 8[0] via P2P/CUMEM
DCTN-0413110535-2:202883:202883 [1] NCCL INFO Channel 06/0 : 1[1] -> 9[1] [receive] via NET/IBext_v11/2/GDRDMA
DCTN-0413110535-2:202883:202883 [1] NCCL INFO Channel 10/0 : 1[1] -> 9[1] [receive] via NET/IBext_v11/2/GDRDMA
DCTN-0413110535-2:202883:202883 [1] NCCL INFO Channel 16/0 : 1[1] -> 9[1] [receive] via NET/IBext_v11/2/GDRDMA
DCTN-0413110535-2:202887:202887 [5] NCCL INFO Channel 08/0 : 13[5] -> 8[0] via P2P/CUMEM
DCTN-0413110535-2:202883:202883 [1] NCCL INFO Channel 00/0 : 9[1] -> 1[1] [send] via NET/IBext_v11/2/GDRDMA
DCTN-0413110535-2:202883:202883 [1] NCCL INFO Channel 06/0 : 9[1] -> 1[1] [send] via NET/IBext_v11/2/GDRDMA
DCTN-0413110535-2:202883:202883 [1] NCCL INFO Channel 10/0 : 9[1] -> 1[1] [send] via NET/IBext_v11/2/GDRDMA
DCTN-0413110535-2:202883:202883 [1] NCCL INFO Channel 16/0 : 9[1] -> 1[1] [send] via NET/IBext_v11/2/GDRDMA
DCTN-0413110535-2:202887:202887 [5] NCCL INFO Channel 09/0 : 13[5] -> 8[0] via P2P/CUMEM
DCTN-0413110535-2:202887:202887 [5] NCCL INFO Channel 10/0 : 13[5] -> 8[0] via P2P/CUMEM
DCTN-0413110535-2:202884:203043 [0] NCCL INFO [Proxy Progress] Device 2 CPU core 24
DCTN-0413110535-2:202887:202887 [5] NCCL INFO Channel 11/0 : 13[5] -> 8[0] via P2P/CUMEM
DCTN-0413110535-2:202884:202884 [2] NCCL INFO Channel 01/0 : 2[2] -> 10[2] [receive] via NET/IBext_v11/1/GDRDMA
DCTN-0413110535-2:202884:202884 [2] NCCL INFO Channel 07/0 : 2[2] -> 10[2] [receive] via NET/IBext_v11/1/GDRDMA
DCTN-0413110535-2:202885:203044 [0] NCCL INFO [Proxy Progress] Device 3 CPU core 11
DCTN-0413110535-2:202887:202887 [5] NCCL INFO Channel 12/0 : 13[5] -> 8[0] via P2P/CUMEM
DCTN-0413110535-2:202884:202884 [2] NCCL INFO Channel 11/0 : 2[2] -> 10[2] [receive] via NET/IBext_v11/1/GDRDMA
DCTN-0413110535-2:202885:202885 [3] NCCL INFO Channel 04/0 : 3[3] -> 11[3] [receive] via NET/IBext_v11/0/GDRDMA
DCTN-0413110535-2:202884:202884 [2] NCCL INFO Channel 17/0 : 2[2] -> 10[2] [receive] via NET/IBext_v11/1/GDRDMA
DCTN-0413110535-2:202885:202885 [3] NCCL INFO Channel 14/0 : 3[3] -> 11[3] [receive] via NET/IBext_v11/0/GDRDMA
DCTN-0413110535-2:202887:202887 [5] NCCL INFO Channel 13/0 : 13[5] -> 8[0] via P2P/CUMEM
DCTN-0413110535-2:202889:203045 [0] NCCL INFO [Proxy Progress] Device 7 CPU core 50
DCTN-0413110535-2:202889:202889 [7] NCCL INFO Channel 05/0 : 7[7] -> 15[7] [receive] via NET/IBext_v11/3/GDRDMA
DCTN-0413110535-2:202884:202884 [2] NCCL INFO Channel 01/0 : 10[2] -> 2[2] [send] via NET/IBext_v11/1/GDRDMA
DCTN-0413110535-2:202885:202885 [3] NCCL INFO Channel 04/0 : 11[3] -> 3[3] [send] via NET/IBext_v11/0/GDRDMA
DCTN-0413110535-2:202889:202889 [7] NCCL INFO Channel 15/0 : 7[7] -> 15[7] [receive] via NET/IBext_v11/3/GDRDMA
DCTN-0413110535-2:202889:202889 [7] NCCL INFO Channel 05/0 : 15[7] -> 7[7] [send] via NET/IBext_v11/3/GDRDMA
DCTN-0413110535-2:202884:202884 [2] NCCL INFO Channel 07/0 : 10[2] -> 2[2] [send] via NET/IBext_v11/1/GDRDMA
DCTN-0413110535-2:202889:202889 [7] NCCL INFO Channel 15/0 : 15[7] -> 7[7] [send] via NET/IBext_v11/3/GDRDMA
DCTN-0413110535-2:202885:202885 [3] NCCL INFO Channel 14/0 : 11[3] -> 3[3] [send] via NET/IBext_v11/0/GDRDMA
DCTN-0413110535-2:202887:202887 [5] NCCL INFO Channel 14/0 : 13[5] -> 8[0] via P2P/CUMEM
DCTN-0413110535-2:202884:202884 [2] NCCL INFO Channel 11/0 : 10[2] -> 2[2] [send] via NET/IBext_v11/1/GDRDMA
DCTN-0413110535-2:202884:202884 [2] NCCL INFO Channel 17/0 : 10[2] -> 2[2] [send] via NET/IBext_v11/1/GDRDMA
DCTN-0413110535-2:202887:202887 [5] NCCL INFO Channel 15/0 : 13[5] -> 8[0] via P2P/CUMEM
DCTN-0413110535-2:202887:202887 [5] NCCL INFO Channel 16/0 : 13[5] -> 8[0] via P2P/CUMEM
DCTN-0413110535-2:202887:202887 [5] NCCL INFO Channel 17/0 : 13[5] -> 8[0] via P2P/CUMEM
DCTN-0413110535-2:202887:202887 [5] NCCL INFO Channel 18/0 : 13[5] -> 8[0] via P2P/CUMEM
DCTN-0413110535-2:202887:202887 [5] NCCL INFO Channel 19/0 : 13[5] -> 8[0] via P2P/CUMEM
DCTN-0413110535-2:202889:202889 [7] NCCL INFO Channel 00/0 : 15[7] -> 13[5] via P2P/CUMEM
DCTN-0413110535-2:202888:203046 [0] NCCL INFO [Proxy Progress] Device 6 CPU core 46
DCTN-0413110535-2:202888:202888 [6] NCCL INFO Channel 03/0 : 6[6] -> 14[6] [receive] via NET/IBext_v11/9/GDRDMA
DCTN-0413110535-2:202888:202888 [6] NCCL INFO Channel 09/0 : 6[6] -> 14[6] [receive] via NET/IBext_v11/9/GDRDMA
DCTN-0413110535-2:202886:203047 [0] NCCL INFO [Proxy Progress] Device 4 CPU core 70
DCTN-0413110535-2:202886:202886 [4] NCCL INFO Channel 02/0 : 4[4] -> 12[4] [receive] via NET/IBext_v11/4/GDRDMA
DCTN-0413110535-2:202888:202888 [6] NCCL INFO Channel 13/0 : 6[6] -> 14[6] [receive] via NET/IBext_v11/9/GDRDMA
DCTN-0413110535-2:202886:202886 [4] NCCL INFO Channel 08/0 : 4[4] -> 12[4] [receive] via NET/IBext_v11/4/GDRDMA
DCTN-0413110535-2:202889:202889 [7] NCCL INFO Channel 01/0 : 15[7] -> 13[5] via P2P/CUMEM
DCTN-0413110535-2:202886:202886 [4] NCCL INFO Channel 12/0 : 4[4] -> 12[4] [receive] via NET/IBext_v11/4/GDRDMA
DCTN-0413110535-2:202888:202888 [6] NCCL INFO Channel 19/0 : 6[6] -> 14[6] [receive] via NET/IBext_v11/9/GDRDMA
DCTN-0413110535-2:202886:202886 [4] NCCL INFO Channel 18/0 : 4[4] -> 12[4] [receive] via NET/IBext_v11/4/GDRDMA
DCTN-0413110535-2:202886:202886 [4] NCCL INFO Channel 02/0 : 12[4] -> 4[4] [send] via NET/IBext_v11/4/GDRDMA
DCTN-0413110535-2:202888:202888 [6] NCCL INFO Channel 03/0 : 14[6] -> 6[6] [send] via NET/IBext_v11/9/GDRDMA
DCTN-0413110535-2:202886:202886 [4] NCCL INFO Channel 08/0 : 12[4] -> 4[4] [send] via NET/IBext_v11/4/GDRDMA
DCTN-0413110535-2:202886:202886 [4] NCCL INFO Channel 12/0 : 12[4] -> 4[4] [send] via NET/IBext_v11/4/GDRDMA
DCTN-0413110535-2:202888:202888 [6] NCCL INFO Channel 09/0 : 14[6] -> 6[6] [send] via NET/IBext_v11/9/GDRDMA
DCTN-0413110535-2:202886:202886 [4] NCCL INFO Channel 18/0 : 12[4] -> 4[4] [send] via NET/IBext_v11/4/GDRDMA
DCTN-0413110535-2:202888:202888 [6] NCCL INFO Channel 13/0 : 14[6] -> 6[6] [send] via NET/IBext_v11/9/GDRDMA
DCTN-0413110535-2:202888:202888 [6] NCCL INFO Channel 19/0 : 14[6] -> 6[6] [send] via NET/IBext_v11/9/GDRDMA
DCTN-0413110535-2:202889:202889 [7] NCCL INFO Channel 02/0 : 15[7] -> 13[5] via P2P/CUMEM
DCTN-0413110535-2:202889:202889 [7] NCCL INFO Channel 03/0 : 15[7] -> 13[5] via P2P/CUMEM
DCTN-0413110535-2:202889:202889 [7] NCCL INFO Channel 04/0 : 15[7] -> 13[5] via P2P/CUMEM
DCTN-0413110535-2:202889:202889 [7] NCCL INFO Channel 05/0 : 15[7] -> 13[5] via P2P/CUMEM
DCTN-0413110535-2:202889:202889 [7] NCCL INFO Channel 06/0 : 15[7] -> 13[5] via P2P/CUMEM
DCTN-0413110535-2:202889:202889 [7] NCCL INFO Channel 07/0 : 15[7] -> 13[5] via P2P/CUMEM
DCTN-0413110535-2:202889:202889 [7] NCCL INFO Channel 08/0 : 15[7] -> 13[5] via P2P/CUMEM
DCTN-0413110535-2:202889:202889 [7] NCCL INFO Channel 09/0 : 15[7] -> 13[5] via P2P/CUMEM
DCTN-0413110535-2:202889:202889 [7] NCCL INFO Channel 10/0 : 15[7] -> 13[5] via P2P/CUMEM
DCTN-0413110535-2:202888:202888 [6] NCCL INFO Channel 00/0 : 14[6] -> 12[4] via P2P/CUMEM
DCTN-0413110535-2:202889:202889 [7] NCCL INFO Channel 11/0 : 15[7] -> 13[5] via P2P/CUMEM
DCTN-0413110535-2:202888:202888 [6] NCCL INFO Channel 01/0 : 14[6] -> 12[4] via P2P/CUMEM
DCTN-0413110535-2:202888:202888 [6] NCCL INFO Channel 02/0 : 14[6] -> 12[4] via P2P/CUMEM
DCTN-0413110535-2:202883:202883 [1] NCCL INFO Channel 01/0 : 9[1] -> 8[0] via P2P/CUMEM
DCTN-0413110535-2:202889:202889 [7] NCCL INFO Channel 12/0 : 15[7] -> 13[5] via P2P/CUMEM
DCTN-0413110535-2:202883:202883 [1] NCCL INFO Channel 02/0 : 9[1] -> 8[0] via P2P/CUMEM
DCTN-0413110535-2:202883:202883 [1] NCCL INFO Channel 03/0 : 9[1] -> 8[0] via P2P/CUMEM
DCTN-0413110535-2:202888:202888 [6] NCCL INFO Channel 04/0 : 14[6] -> 12[4] via P2P/CUMEM
DCTN-0413110535-2:202889:202889 [7] NCCL INFO Channel 13/0 : 15[7] -> 13[5] via P2P/CUMEM
DCTN-0413110535-2:202888:202888 [6] NCCL INFO Channel 05/0 : 14[6] -> 12[4] via P2P/CUMEM
DCTN-0413110535-2:202883:202883 [1] NCCL INFO Channel 04/0 : 9[1] -> 8[0] via P2P/CUMEM
DCTN-0413110535-2:202883:202883 [1] NCCL INFO Channel 05/0 : 9[1] -> 8[0] via P2P/CUMEM
DCTN-0413110535-2:202888:202888 [6] NCCL INFO Channel 06/0 : 14[6] -> 12[4] via P2P/CUMEM
DCTN-0413110535-2:202885:202885 [3] NCCL INFO Channel 00/0 : 11[3] -> 10[2] via P2P/CUMEM
DCTN-0413110535-2:202888:202888 [6] NCCL INFO Channel 07/0 : 14[6] -> 12[4] via P2P/CUMEM
DCTN-0413110535-2:202889:202889 [7] NCCL INFO Channel 14/0 : 15[7] -> 13[5] via P2P/CUMEM
DCTN-0413110535-2:202883:202883 [1] NCCL INFO Channel 07/0 : 9[1] -> 8[0] via P2P/CUMEM
DCTN-0413110535-2:202889:202889 [7] NCCL INFO Channel 15/0 : 15[7] -> 13[5] via P2P/CUMEM
DCTN-0413110535-2:202888:202888 [6] NCCL INFO Channel 08/0 : 14[6] -> 12[4] via P2P/CUMEM
DCTN-0413110535-2:202888:202888 [6] NCCL INFO Channel 10/0 : 14[6] -> 12[4] via P2P/CUMEM
DCTN-0413110535-2:202885:202885 [3] NCCL INFO Channel 01/0 : 11[3] -> 10[2] via P2P/CUMEM
DCTN-0413110535-2:202883:202883 [1] NCCL INFO Channel 08/0 : 9[1] -> 8[0] via P2P/CUMEM
DCTN-0413110535-2:202889:202889 [7] NCCL INFO Channel 16/0 : 15[7] -> 13[5] via P2P/CUMEM
DCTN-0413110535-2:202883:202883 [1] NCCL INFO Channel 09/0 : 9[1] -> 8[0] via P2P/CUMEM
DCTN-0413110535-2:202888:202888 [6] NCCL INFO Channel 11/0 : 14[6] -> 12[4] via P2P/CUMEM
DCTN-0413110535-2:202889:202889 [7] NCCL INFO Channel 17/0 : 15[7] -> 13[5] via P2P/CUMEM
DCTN-0413110535-2:202883:202883 [1] NCCL INFO Channel 11/0 : 9[1] -> 8[0] via P2P/CUMEM
DCTN-0413110535-2:202883:202883 [1] NCCL INFO Channel 12/0 : 9[1] -> 8[0] via P2P/CUMEM
DCTN-0413110535-2:202888:202888 [6] NCCL INFO Channel 12/0 : 14[6] -> 12[4] via P2P/CUMEM
DCTN-0413110535-2:202889:202889 [7] NCCL INFO Channel 18/0 : 15[7] -> 13[5] via P2P/CUMEM
DCTN-0413110535-2:202885:202885 [3] NCCL INFO Channel 02/0 : 11[3] -> 10[2] via P2P/CUMEM
DCTN-0413110535-2:202884:202884 [2] NCCL INFO Channel 00/0 : 10[2] -> 9[1] via P2P/CUMEM
DCTN-0413110535-2:202888:202888 [6] NCCL INFO Channel 14/0 : 14[6] -> 12[4] via P2P/CUMEM
DCTN-0413110535-2:202885:202885 [3] NCCL INFO Channel 03/0 : 11[3] -> 10[2] via P2P/CUMEM
DCTN-0413110535-2:202889:202889 [7] NCCL INFO Channel 19/0 : 15[7] -> 13[5] via P2P/CUMEM
DCTN-0413110535-2:202884:202884 [2] NCCL INFO Channel 02/0 : 10[2] -> 9[1] via P2P/CUMEM
DCTN-0413110535-2:202883:202883 [1] NCCL INFO Channel 13/0 : 9[1] -> 8[0] via P2P/CUMEM
DCTN-0413110535-2:202885:202885 [3] NCCL INFO Channel 05/0 : 11[3] -> 10[2] via P2P/CUMEM
DCTN-0413110535-2:202883:202883 [1] NCCL INFO Channel 14/0 : 9[1] -> 8[0] via P2P/CUMEM
DCTN-0413110535-2:202889:202889 [7] NCCL INFO Channel 00/0 : 15[7] -> 14[6] via P2P/CUMEM
DCTN-0413110535-2:202888:202888 [6] NCCL INFO Channel 15/0 : 14[6] -> 12[4] via P2P/CUMEM
DCTN-0413110535-2:202884:202884 [2] NCCL INFO Channel 03/0 : 10[2] -> 9[1] via P2P/CUMEM
DCTN-0413110535-2:202885:202885 [3] NCCL INFO Channel 06/0 : 11[3] -> 10[2] via P2P/CUMEM
DCTN-0413110535-2:202883:202883 [1] NCCL INFO Channel 15/0 : 9[1] -> 8[0] via P2P/CUMEM
DCTN-0413110535-2:202889:202889 [7] NCCL INFO Channel 01/0 : 15[7] -> 14[6] via P2P/CUMEM
DCTN-0413110535-2:202888:202888 [6] NCCL INFO Channel 16/0 : 14[6] -> 12[4] via P2P/CUMEM
DCTN-0413110535-2:202885:202885 [3] NCCL INFO Channel 07/0 : 11[3] -> 10[2] via P2P/CUMEM
DCTN-0413110535-2:202889:202889 [7] NCCL INFO Channel 02/0 : 15[7] -> 14[6] via P2P/CUMEM
DCTN-0413110535-2:202884:202884 [2] NCCL INFO Channel 04/0 : 10[2] -> 9[1] via P2P/CUMEM
DCTN-0413110535-2:202885:202885 [3] NCCL INFO Channel 08/0 : 11[3] -> 10[2] via P2P/CUMEM
DCTN-0413110535-2:202889:202889 [7] NCCL INFO Channel 03/0 : 15[7] -> 14[6] via P2P/CUMEM
DCTN-0413110535-2:202889:202889 [7] NCCL INFO Channel 04/0 : 15[7] -> 14[6] via P2P/CUMEM
DCTN-0413110535-2:202888:202888 [6] NCCL INFO Channel 17/0 : 14[6] -> 12[4] via P2P/CUMEM
DCTN-0413110535-2:202885:202885 [3] NCCL INFO Channel 09/0 : 11[3] -> 10[2] via P2P/CUMEM
DCTN-0413110535-2:202884:202884 [2] NCCL INFO Channel 05/0 : 10[2] -> 9[1] via P2P/CUMEM
DCTN-0413110535-2:202883:202883 [1] NCCL INFO Channel 17/0 : 9[1] -> 8[0] via P2P/CUMEM
DCTN-0413110535-2:202883:202883 [1] NCCL INFO Channel 18/0 : 9[1] -> 8[0] via P2P/CUMEM
DCTN-0413110535-2:202889:202889 [7] NCCL INFO Channel 06/0 : 15[7] -> 14[6] via P2P/CUMEM
DCTN-0413110535-2:202888:202888 [6] NCCL INFO Channel 18/0 : 14[6] -> 12[4] via P2P/CUMEM
DCTN-0413110535-2:202885:202885 [3] NCCL INFO Channel 10/0 : 11[3] -> 10[2] via P2P/CUMEM
DCTN-0413110535-2:202884:202884 [2] NCCL INFO Channel 06/0 : 10[2] -> 9[1] via P2P/CUMEM
DCTN-0413110535-2:202884:202884 [2] NCCL INFO Channel 08/0 : 10[2] -> 9[1] via P2P/CUMEM
DCTN-0413110535-2:202883:202883 [1] NCCL INFO Channel 19/0 : 9[1] -> 8[0] via P2P/CUMEM
DCTN-0413110535-2:202885:202885 [3] NCCL INFO Channel 11/0 : 11[3] -> 10[2] via P2P/CUMEM
DCTN-0413110535-2:202886:202886 [4] NCCL INFO Channel 00/0 : 12[4] -> 11[3] via P2P/CUMEM
DCTN-0413110535-2:202886:202886 [4] NCCL INFO Channel 01/0 : 12[4] -> 11[3] via P2P/CUMEM
DCTN-0413110535-2:202889:202889 [7] NCCL INFO Channel 07/0 : 15[7] -> 14[6] via P2P/CUMEM
DCTN-0413110535-2:202889:202889 [7] NCCL INFO Channel 08/0 : 15[7] -> 14[6] via P2P/CUMEM
DCTN-0413110535-2:202885:202885 [3] NCCL INFO Channel 12/0 : 11[3] -> 10[2] via P2P/CUMEM
DCTN-0413110535-2:202884:202884 [2] NCCL INFO Channel 09/0 : 10[2] -> 9[1] via P2P/CUMEM
DCTN-0413110535-2:202886:202886 [4] NCCL INFO Channel 03/0 : 12[4] -> 11[3] via P2P/CUMEM
DCTN-0413110535-2:202889:202889 [7] NCCL INFO Channel 09/0 : 15[7] -> 14[6] via P2P/CUMEM
DCTN-0413110535-2:202885:202885 [3] NCCL INFO Channel 13/0 : 11[3] -> 10[2] via P2P/CUMEM
DCTN-0413110535-2:202886:202886 [4] NCCL INFO Channel 04/0 : 12[4] -> 11[3] via P2P/CUMEM
DCTN-0413110535-2:202884:202884 [2] NCCL INFO Channel 10/0 : 10[2] -> 9[1] via P2P/CUMEM
DCTN-0413110535-2:202885:202885 [3] NCCL INFO Channel 15/0 : 11[3] -> 10[2] via P2P/CUMEM
DCTN-0413110535-2:202884:202884 [2] NCCL INFO Channel 12/0 : 10[2] -> 9[1] via P2P/CUMEM
DCTN-0413110535-2:202889:202889 [7] NCCL INFO Channel 10/0 : 15[7] -> 14[6] via P2P/CUMEM
DCTN-0413110535-2:202886:202886 [4] NCCL INFO Channel 05/0 : 12[4] -> 11[3] via P2P/CUMEM
DCTN-0413110535-2:202889:202889 [7] NCCL INFO Channel 11/0 : 15[7] -> 14[6] via P2P/CUMEM
DCTN-0413110535-2:202885:202885 [3] NCCL INFO Channel 16/0 : 11[3] -> 10[2] via P2P/CUMEM
DCTN-0413110535-2:202886:202886 [4] NCCL INFO Channel 06/0 : 12[4] -> 11[3] via P2P/CUMEM
DCTN-0413110535-2:202889:202889 [7] NCCL INFO Channel 12/0 : 15[7] -> 14[6] via P2P/CUMEM
DCTN-0413110535-2:202885:202885 [3] NCCL INFO Channel 17/0 : 11[3] -> 10[2] via P2P/CUMEM
DCTN-0413110535-2:202889:202889 [7] NCCL INFO Channel 13/0 : 15[7] -> 14[6] via P2P/CUMEM
DCTN-0413110535-2:202884:202884 [2] NCCL INFO Channel 13/0 : 10[2] -> 9[1] via P2P/CUMEM
DCTN-0413110535-2:202886:202886 [4] NCCL INFO Channel 07/0 : 12[4] -> 11[3] via P2P/CUMEM
DCTN-0413110535-2:202886:202886 [4] NCCL INFO Channel 09/0 : 12[4] -> 11[3] via P2P/CUMEM
DCTN-0413110535-2:202884:202884 [2] NCCL INFO Channel 14/0 : 10[2] -> 9[1] via P2P/CUMEM
DCTN-0413110535-2:202889:202889 [7] NCCL INFO Channel 14/0 : 15[7] -> 14[6] via P2P/CUMEM
DCTN-0413110535-2:202885:202885 [3] NCCL INFO Channel 18/0 : 11[3] -> 10[2] via P2P/CUMEM
DCTN-0413110535-2:202884:202884 [2] NCCL INFO Channel 15/0 : 10[2] -> 9[1] via P2P/CUMEM
DCTN-0413110535-2:202885:202885 [3] NCCL INFO Channel 19/0 : 11[3] -> 10[2] via P2P/CUMEM
DCTN-0413110535-2:202886:202886 [4] NCCL INFO Channel 10/0 : 12[4] -> 11[3] via P2P/CUMEM
DCTN-0413110535-2:202884:202884 [2] NCCL INFO Channel 16/0 : 10[2] -> 9[1] via P2P/CUMEM
DCTN-0413110535-2:202889:202889 [7] NCCL INFO Channel 16/0 : 15[7] -> 14[6] via P2P/CUMEM
DCTN-0413110535-2:202884:202884 [2] NCCL INFO Channel 18/0 : 10[2] -> 9[1] via P2P/CUMEM
DCTN-0413110535-2:202889:202889 [7] NCCL INFO Channel 17/0 : 15[7] -> 14[6] via P2P/CUMEM
DCTN-0413110535-2:202886:202886 [4] NCCL INFO Channel 11/0 : 12[4] -> 11[3] via P2P/CUMEM
DCTN-0413110535-2:202884:202884 [2] NCCL INFO Channel 19/0 : 10[2] -> 9[1] via P2P/CUMEM
DCTN-0413110535-2:202889:202889 [7] NCCL INFO Channel 18/0 : 15[7] -> 14[6] via P2P/CUMEM
DCTN-0413110535-2:202886:202886 [4] NCCL INFO Channel 13/0 : 12[4] -> 11[3] via P2P/CUMEM
DCTN-0413110535-2:202889:202889 [7] NCCL INFO Channel 19/0 : 15[7] -> 14[6] via P2P/CUMEM
DCTN-0413110535-2:202886:202886 [4] NCCL INFO Channel 14/0 : 12[4] -> 11[3] via P2P/CUMEM
DCTN-0413110535-2:202886:202886 [4] NCCL INFO Channel 15/0 : 12[4] -> 11[3] via P2P/CUMEM
DCTN-0413110535-2:202886:202886 [4] NCCL INFO Channel 16/0 : 12[4] -> 11[3] via P2P/CUMEM
DCTN-0413110535-2:202886:202886 [4] NCCL INFO Channel 17/0 : 12[4] -> 11[3] via P2P/CUMEM
DCTN-0413110535-2:202886:202886 [4] NCCL INFO Channel 19/0 : 12[4] -> 11[3] via P2P/CUMEM
DCTN-0413110535-2:202884:202884 [2] NCCL INFO Connected all trees
DCTN-0413110535-2:202885:202885 [3] NCCL INFO Connected all trees
DCTN-0413110535-2:202886:202886 [4] NCCL INFO Connected all trees
DCTN-0413110535-2:202887:202887 [5] NCCL INFO Connected all trees
DCTN-0413110535-2:202883:202883 [1] NCCL INFO Connected all trees
DCTN-0413110535-2:202882:202882 [0] NCCL INFO Connected all trees
DCTN-0413110535-2:202889:202889 [7] NCCL INFO Connected all trees
DCTN-0413110535-2:202888:202888 [6] NCCL INFO Connected all trees
[rank 9] all_reduce done: 16 (expected 16)
[rank 13] all_reduce done: 16 (expected 16)
[rank 15] all_reduce done: 16 (expected 16)[rank 11] all_reduce done: 16 (expected 16)

[rank 10] all_reduce done: 16 (expected 16)
[rank 14] all_reduce done: 16 (expected 16)
[rank 12] all_reduce done: 16 (expected 16)
[rank 8] all_reduce done: 16 (expected 16)
DCTN-0413110535-2:202882:202882 [0] NCCL INFO comm 0x3968b3f0 rank 8 nranks 16 cudaDev 0 busId 4000 - Destroy COMPLETE
DCTN-0413110535-2:202882:202882 [0] NCCL INFO Unloading plugin libnccl-net.so
[rank 8] NCCL test PASSED
DCTN-0413110535-2:202887:202887 [5] NCCL INFO comm 0x26efd280 rank 13 nranks 16 cudaDev 5 busId 94000 - Destroy COMPLETE
DCTN-0413110535-2:202887:202887 [5] NCCL INFO Unloading plugin libnccl-net.so
[rank 13] NCCL test PASSED
DCTN-0413110535-2:202885:202885 [3] NCCL INFO comm 0x23b300b0 rank 11 nranks 16 cudaDev 3 busId 77000 - Destroy COMPLETE
DCTN-0413110535-2:202885:202885 [3] NCCL INFO Unloading plugin libnccl-net.so
[rank 11] NCCL test PASSED
DCTN-0413110535-2:202884:202884 [2] NCCL INFO comm 0x31c202f0 rank 10 nranks 16 cudaDev 2 busId 64000 - Destroy COMPLETE
DCTN-0413110535-2:202884:202884 [2] NCCL INFO Unloading plugin libnccl-net.so
[rank 10] NCCL test PASSED
DCTN-0413110535-2:202886:202886 [4] NCCL INFO comm 0x3ef0d1b0 rank 12 nranks 16 cudaDev 4 busId 84000 - Destroy COMPLETE
DCTN-0413110535-2:202886:202886 [4] NCCL INFO Unloading plugin libnccl-net.so
[rank 12] NCCL test PASSED
DCTN-0413110535-2:202883:202883 [1] NCCL INFO comm 0x180402f0 rank 9 nranks 16 cudaDev 1 busId 14000 - Destroy COMPLETE
DCTN-0413110535-2:202883:202883 [1] NCCL INFO Unloading plugin libnccl-net.so
[rank 9] NCCL test PASSED
DCTN-0413110535-2:202887:202887 [5] NCCL INFO ENV/Plugin: Closing env plugin ncclEnvDefault
DCTN-0413110535-2:202888:202888 [6] NCCL INFO comm 0x17763110 rank 14 nranks 16 cudaDev 6 busId e4000 - Destroy COMPLETE
DCTN-0413110535-2:202888:202888 [6] NCCL INFO Unloading plugin libnccl-net.so
DCTN-0413110535-2:202889:202889 [7] NCCL INFO comm 0x275de290 rank 15 nranks 16 cudaDev 7 busId f6000 - Destroy COMPLETE
DCTN-0413110535-2:202889:202889 [7] NCCL INFO Unloading plugin libnccl-net.so
[rank 14] NCCL test PASSED
[rank 15] NCCL test PASSED
DCTN-0413110535-2:202882:202882 [0] NCCL INFO ENV/Plugin: Closing env plugin ncclEnvDefault
DCTN-0413110535-2:202885:202885 [3] NCCL INFO ENV/Plugin: Closing env plugin ncclEnvDefault
DCTN-0413110535-2:202884:202884 [2] NCCL INFO ENV/Plugin: Closing env plugin ncclEnvDefault
DCTN-0413110535-2:202883:202883 [1] NCCL INFO ENV/Plugin: Closing env plugin ncclEnvDefault
DCTN-0413110535-2:202886:202886 [4] NCCL INFO ENV/Plugin: Closing env plugin ncclEnvDefault
DCTN-0413110535-2:202888:202888 [6] NCCL INFO ENV/Plugin: Closing env plugin ncclEnvDefault
DCTN-0413110535-2:202889:202889 [7] NCCL INFO ENV/Plugin: Closing env plugin ncclEnvDefault
