=== Node-1 log ===
W0415 00:27:25.208000 253615 torch/distributed/run.py:844] 
W0415 00:27:25.208000 253615 torch/distributed/run.py:844] *****************************************
W0415 00:27:25.208000 253615 torch/distributed/run.py:844] Setting OMP_NUM_THREADS environment variable for each process to be 1 in default, to avoid your system being overloaded, please further tune the variable for optimal performance in your application as needed. 
W0415 00:27:25.208000 253615 torch/distributed/run.py:844] *****************************************
[rank 2] Starting on DCTN-0413110535-1 local_rank=2
[rank 6] Starting on DCTN-0413110535-1 local_rank=6
[rank 4] Starting on DCTN-0413110535-1 local_rank=4
[rank 5] Starting on DCTN-0413110535-1 local_rank=5
[rank 7] Starting on DCTN-0413110535-1 local_rank=7
[rank 1] Starting on DCTN-0413110535-1 local_rank=1
[rank 3] Starting on DCTN-0413110535-1 local_rank=3
[rank 0] Starting on DCTN-0413110535-1 local_rank=0
[rank 2] init_process_group done
[rank 7] init_process_group done
[rank 0] init_process_group done
DCTN-0413110535-1:253693:253693 [0] NCCL INFO ENV/Plugin: Could not find: libnccl-env.so
DCTN-0413110535-1:253693:253693 [0] NCCL INFO NCCL_SOCKET_IFNAME set by environment to bond0
DCTN-0413110535-1:253693:253693 [0] NCCL INFO Bootstrap: Using bond0:10.50.6.73<0>
DCTN-0413110535-1:253693:253693 [0] NCCL INFO cudaDriverVersion 13010
DCTN-0413110535-1:253695:253695 [2] NCCL INFO ENV/Plugin: Could not find: libnccl-env.so
DCTN-0413110535-1:253700:253700 [7] NCCL INFO ENV/Plugin: Could not find: libnccl-env.so
DCTN-0413110535-1:253695:253695 [2] NCCL INFO cudaDriverVersion 13010
DCTN-0413110535-1:253700:253700 [7] NCCL INFO cudaDriverVersion 13010
DCTN-0413110535-1:253695:253695 [2] NCCL INFO NCCL_SOCKET_IFNAME set by environment to bond0
DCTN-0413110535-1:253693:253693 [0] NCCL INFO NCCL version 2.28.9+cuda13.0
DCTN-0413110535-1:253700:253700 [7] NCCL INFO NCCL_SOCKET_IFNAME set by environment to bond0
DCTN-0413110535-1:253695:253695 [2] NCCL INFO Bootstrap: Using bond0:10.50.6.73<0>
DCTN-0413110535-1:253700:253700 [7] NCCL INFO Bootstrap: Using bond0:10.50.6.73<0>
DCTN-0413110535-1:253695:253695 [2] NCCL INFO NCCL version 2.28.9+cuda13.0
DCTN-0413110535-1:253700:253700 [7] NCCL INFO NCCL version 2.28.9+cuda13.0
DCTN-0413110535-1:253693:253693 [0] NCCL INFO Comm config Blocking set to 1
DCTN-0413110535-1:253695:253695 [2] NCCL INFO Comm config Blocking set to 1
DCTN-0413110535-1:253700:253700 [7] NCCL INFO Comm config Blocking set to 1
[rank 5] init_process_group done
DCTN-0413110535-1:253698:253698 [5] NCCL INFO ENV/Plugin: Could not find: libnccl-env.so
DCTN-0413110535-1:253698:253698 [5] NCCL INFO cudaDriverVersion 13010
DCTN-0413110535-1:253698:253698 [5] NCCL INFO NCCL_SOCKET_IFNAME set by environment to bond0
DCTN-0413110535-1:253698:253698 [5] NCCL INFO Bootstrap: Using bond0:10.50.6.73<0>
DCTN-0413110535-1:253698:253698 [5] NCCL INFO NCCL version 2.28.9+cuda13.0
DCTN-0413110535-1:253698:253698 [5] NCCL INFO Comm config Blocking set to 1
[rank 4] init_process_group done
DCTN-0413110535-1:253697:253697 [4] NCCL INFO ENV/Plugin: Could not find: libnccl-env.so
DCTN-0413110535-1:253697:253697 [4] NCCL INFO cudaDriverVersion 13010
DCTN-0413110535-1:253697:253697 [4] NCCL INFO NCCL_SOCKET_IFNAME set by environment to bond0
DCTN-0413110535-1:253697:253697 [4] NCCL INFO Bootstrap: Using bond0:10.50.6.73<0>
DCTN-0413110535-1:253697:253697 [4] NCCL INFO NCCL version 2.28.9+cuda13.0
DCTN-0413110535-1:253697:253697 [4] NCCL INFO Comm config Blocking set to 1
[rank 6] init_process_group done
[rank 3] init_process_group done
[rank 1] init_process_group done
DCTN-0413110535-1:253699:253699 [6] NCCL INFO ENV/Plugin: Could not find: libnccl-env.so
DCTN-0413110535-1:253699:253699 [6] NCCL INFO cudaDriverVersion 13010
DCTN-0413110535-1:253696:253696 [3] NCCL INFO ENV/Plugin: Could not find: libnccl-env.so
DCTN-0413110535-1:253696:253696 [3] NCCL INFO cudaDriverVersion 13010
DCTN-0413110535-1:253699:253699 [6] NCCL INFO NCCL_SOCKET_IFNAME set by environment to bond0
DCTN-0413110535-1:253696:253696 [3] NCCL INFO NCCL_SOCKET_IFNAME set by environment to bond0
DCTN-0413110535-1:253699:253699 [6] NCCL INFO Bootstrap: Using bond0:10.50.6.73<0>
DCTN-0413110535-1:253699:253699 [6] NCCL INFO NCCL version 2.28.9+cuda13.0
DCTN-0413110535-1:253696:253696 [3] NCCL INFO Bootstrap: Using bond0:10.50.6.73<0>
DCTN-0413110535-1:253696:253696 [3] NCCL INFO NCCL version 2.28.9+cuda13.0
DCTN-0413110535-1:253699:253699 [6] NCCL INFO Comm config Blocking set to 1
DCTN-0413110535-1:253696:253696 [3] NCCL INFO Comm config Blocking set to 1
DCTN-0413110535-1:253694:253694 [1] NCCL INFO ENV/Plugin: Could not find: libnccl-env.so
DCTN-0413110535-1:253694:253694 [1] NCCL INFO cudaDriverVersion 13010
DCTN-0413110535-1:253694:253694 [1] NCCL INFO NCCL_SOCKET_IFNAME set by environment to bond0
DCTN-0413110535-1:253694:253694 [1] NCCL INFO Bootstrap: Using bond0:10.50.6.73<0>
DCTN-0413110535-1:253694:253694 [1] NCCL INFO NCCL version 2.28.9+cuda13.0
DCTN-0413110535-1:253694:253694 [1] NCCL INFO Comm config Blocking set to 1
DCTN-0413110535-1:253695:253695 [2] NCCL INFO NET/Plugin: Loaded net plugin NCCL RDMA Plugin v11 (v11)
DCTN-0413110535-1:253693:253693 [0] NCCL INFO NET/Plugin: Loaded net plugin NCCL RDMA Plugin v11 (v11)
DCTN-0413110535-1:253695:253695 [2] NCCL INFO NET/Plugin: Loaded collnet plugin SHARP (v11)
DCTN-0413110535-1:253693:253693 [0] NCCL INFO NET/Plugin: Loaded collnet plugin SHARP (v11)
DCTN-0413110535-1:253695:253695 [2] NCCL INFO Successfully loaded external network plugin /opt/hpcx/nccl_rdma_sharp_plugin/lib/libnccl-net.so
DCTN-0413110535-1:253693:253693 [0] NCCL INFO Successfully loaded external network plugin /opt/hpcx/nccl_rdma_sharp_plugin/lib/libnccl-net.so
DCTN-0413110535-1:253693:253693 [0] NCCL INFO Plugin Path : /opt/hpcx/nccl_rdma_sharp_plugin/lib/libnccl-net.so
DCTN-0413110535-1:253693:253693 [0] NCCL INFO P2P plugin v11 IBext_v11
DCTN-0413110535-1:253695:253695 [2] NCCL INFO Plugin Path : /opt/hpcx/nccl_rdma_sharp_plugin/lib/libnccl-net.so
DCTN-0413110535-1:253695:253695 [2] NCCL INFO P2P plugin v11 IBext_v11
DCTN-0413110535-1:253695:253695 [2] NCCL INFO NCCL_SOCKET_IFNAME set by environment to bond0
DCTN-0413110535-1:253693:253693 [0] NCCL INFO NCCL_SOCKET_IFNAME set by environment to bond0
DCTN-0413110535-1:253700:253700 [7] NCCL INFO NET/Plugin: Loaded net plugin NCCL RDMA Plugin v11 (v11)
DCTN-0413110535-1:253700:253700 [7] NCCL INFO NET/Plugin: Loaded collnet plugin SHARP (v11)
DCTN-0413110535-1:253700:253700 [7] NCCL INFO Successfully loaded external network plugin /opt/hpcx/nccl_rdma_sharp_plugin/lib/libnccl-net.so
DCTN-0413110535-1:253700:253700 [7] NCCL INFO Plugin Path : /opt/hpcx/nccl_rdma_sharp_plugin/lib/libnccl-net.so
DCTN-0413110535-1:253700:253700 [7] NCCL INFO P2P plugin v11 IBext_v11
DCTN-0413110535-1:253700:253700 [7] NCCL INFO NCCL_SOCKET_IFNAME set by environment to bond0
DCTN-0413110535-1:253693:253693 [0] NCCL INFO NET/IB : Using [0]mlx5_0:1/IB/SHARP [1]mlx5_1:1/IB/SHARP [2]mlx5_2:1/IB/SHARP [3]mlx5_3:1/IB/SHARP [4]mlx5_4:1/IB/SHARP [5]mlx5_5:1/IB/SHARP [6]mlx5_6:1/IB/SHARP [7]mlx5_7:1/IB/SHARP [8]mlx5_8:1/IB/SHARP [9]mlx5_9:1/IB/SHARP [RO]; OOB bond0:10.50.6.73<0>
DCTN-0413110535-1:253693:253693 [0] NCCL INFO Initialized NET plugin IBext_v11
DCTN-0413110535-1:253695:253695 [2] NCCL INFO NET/IB : Using [0]mlx5_0:1/IB/SHARP [1]mlx5_1:1/IB/SHARP [2]mlx5_2:1/IB/SHARP [3]mlx5_3:1/IB/SHARP [4]mlx5_4:1/IB/SHARP [5]mlx5_5:1/IB/SHARP [6]mlx5_6:1/IB/SHARP [7]mlx5_7:1/IB/SHARP [8]mlx5_8:1/IB/SHARP [9]mlx5_9:1/IB/SHARP [RO]; OOB bond0:10.50.6.73<0>
DCTN-0413110535-1:253695:253695 [2] NCCL INFO Initialized NET plugin IBext_v11
DCTN-0413110535-1:253693:253693 [0] NCCL INFO Assigned NET plugin IBext_v11 to comm
DCTN-0413110535-1:253693:253693 [0] NCCL INFO Using network IBext_v11
DCTN-0413110535-1:253695:253695 [2] NCCL INFO Assigned NET plugin IBext_v11 to comm
DCTN-0413110535-1:253695:253695 [2] NCCL INFO Using network IBext_v11
DCTN-0413110535-1:253700:253700 [7] NCCL INFO NET/IB : Using [0]mlx5_0:1/IB/SHARP [1]mlx5_1:1/IB/SHARP [2]mlx5_2:1/IB/SHARP [3]mlx5_3:1/IB/SHARP [4]mlx5_4:1/IB/SHARP [5]mlx5_5:1/IB/SHARP [6]mlx5_6:1/IB/SHARP [7]mlx5_7:1/IB/SHARP [8]mlx5_8:1/IB/SHARP [9]mlx5_9:1/IB/SHARP [RO]; OOB bond0:10.50.6.73<0>
DCTN-0413110535-1:253700:253700 [7] NCCL INFO Initialized NET plugin IBext_v11
DCTN-0413110535-1:253700:253700 [7] NCCL INFO Assigned NET plugin IBext_v11 to comm
DCTN-0413110535-1:253700:253700 [7] NCCL INFO Using network IBext_v11
DCTN-0413110535-1:253695:253695 [2] NCCL INFO DMA-BUF is available on GPU device 2
DCTN-0413110535-1:253695:253695 [2] NCCL INFO ncclCommInitRankConfig comm 0x16f21ac0 rank 2 nranks 16 cudaDev 2 nvmlDev 2 busId 64000 commId 0x20df7aa5035d5efc - Init START
DCTN-0413110535-1:253693:253693 [0] NCCL INFO DMA-BUF is available on GPU device 0
DCTN-0413110535-1:253693:253693 [0] NCCL INFO ncclCommInitRankConfig comm 0x2bd08e70 rank 0 nranks 16 cudaDev 0 nvmlDev 0 busId 4000 commId 0x20df7aa5035d5efc - Init START
DCTN-0413110535-1:253700:253700 [7] NCCL INFO DMA-BUF is available on GPU device 7
DCTN-0413110535-1:253700:253700 [7] NCCL INFO ncclCommInitRankConfig comm 0x13203a60 rank 7 nranks 16 cudaDev 7 nvmlDev 7 busId f6000 commId 0x20df7aa5035d5efc - Init START
DCTN-0413110535-1:253698:253698 [5] NCCL INFO NET/Plugin: Loaded net plugin NCCL RDMA Plugin v11 (v11)
DCTN-0413110535-1:253698:253698 [5] NCCL INFO NET/Plugin: Loaded collnet plugin SHARP (v11)
DCTN-0413110535-1:253698:253698 [5] NCCL INFO Successfully loaded external network plugin /opt/hpcx/nccl_rdma_sharp_plugin/lib/libnccl-net.so
DCTN-0413110535-1:253698:253698 [5] NCCL INFO Plugin Path : /opt/hpcx/nccl_rdma_sharp_plugin/lib/libnccl-net.so
DCTN-0413110535-1:253698:253698 [5] NCCL INFO P2P plugin v11 IBext_v11
DCTN-0413110535-1:253698:253698 [5] NCCL INFO NCCL_SOCKET_IFNAME set by environment to bond0
DCTN-0413110535-1:253697:253697 [4] NCCL INFO NET/Plugin: Loaded net plugin NCCL RDMA Plugin v11 (v11)
DCTN-0413110535-1:253697:253697 [4] NCCL INFO NET/Plugin: Loaded collnet plugin SHARP (v11)
DCTN-0413110535-1:253697:253697 [4] NCCL INFO Successfully loaded external network plugin /opt/hpcx/nccl_rdma_sharp_plugin/lib/libnccl-net.so
DCTN-0413110535-1:253697:253697 [4] NCCL INFO Plugin Path : /opt/hpcx/nccl_rdma_sharp_plugin/lib/libnccl-net.so
DCTN-0413110535-1:253697:253697 [4] NCCL INFO P2P plugin v11 IBext_v11
DCTN-0413110535-1:253697:253697 [4] NCCL INFO NCCL_SOCKET_IFNAME set by environment to bond0
DCTN-0413110535-1:253696:253696 [3] NCCL INFO NET/Plugin: Loaded net plugin NCCL RDMA Plugin v11 (v11)
DCTN-0413110535-1:253696:253696 [3] NCCL INFO NET/Plugin: Loaded collnet plugin SHARP (v11)
DCTN-0413110535-1:253696:253696 [3] NCCL INFO Successfully loaded external network plugin /opt/hpcx/nccl_rdma_sharp_plugin/lib/libnccl-net.so
DCTN-0413110535-1:253696:253696 [3] NCCL INFO Plugin Path : /opt/hpcx/nccl_rdma_sharp_plugin/lib/libnccl-net.so
DCTN-0413110535-1:253696:253696 [3] NCCL INFO P2P plugin v11 IBext_v11
DCTN-0413110535-1:253696:253696 [3] NCCL INFO NCCL_SOCKET_IFNAME set by environment to bond0
DCTN-0413110535-1:253694:253694 [1] NCCL INFO NET/Plugin: Loaded net plugin NCCL RDMA Plugin v11 (v11)
DCTN-0413110535-1:253694:253694 [1] NCCL INFO NET/Plugin: Loaded collnet plugin SHARP (v11)
DCTN-0413110535-1:253694:253694 [1] NCCL INFO Successfully loaded external network plugin /opt/hpcx/nccl_rdma_sharp_plugin/lib/libnccl-net.so
DCTN-0413110535-1:253694:253694 [1] NCCL INFO Plugin Path : /opt/hpcx/nccl_rdma_sharp_plugin/lib/libnccl-net.so
DCTN-0413110535-1:253694:253694 [1] NCCL INFO P2P plugin v11 IBext_v11
DCTN-0413110535-1:253694:253694 [1] NCCL INFO NCCL_SOCKET_IFNAME set by environment to bond0
DCTN-0413110535-1:253699:253699 [6] NCCL INFO NET/Plugin: Loaded net plugin NCCL RDMA Plugin v11 (v11)
DCTN-0413110535-1:253699:253699 [6] NCCL INFO NET/Plugin: Loaded collnet plugin SHARP (v11)
DCTN-0413110535-1:253699:253699 [6] NCCL INFO Successfully loaded external network plugin /opt/hpcx/nccl_rdma_sharp_plugin/lib/libnccl-net.so
DCTN-0413110535-1:253699:253699 [6] NCCL INFO Plugin Path : /opt/hpcx/nccl_rdma_sharp_plugin/lib/libnccl-net.so
DCTN-0413110535-1:253699:253699 [6] NCCL INFO P2P plugin v11 IBext_v11
DCTN-0413110535-1:253699:253699 [6] NCCL INFO NCCL_SOCKET_IFNAME set by environment to bond0
DCTN-0413110535-1:253698:253698 [5] NCCL INFO NET/IB : Using [0]mlx5_0:1/IB/SHARP [1]mlx5_1:1/IB/SHARP [2]mlx5_2:1/IB/SHARP [3]mlx5_3:1/IB/SHARP [4]mlx5_4:1/IB/SHARP [5]mlx5_5:1/IB/SHARP [6]mlx5_6:1/IB/SHARP [7]mlx5_7:1/IB/SHARP [8]mlx5_8:1/IB/SHARP [9]mlx5_9:1/IB/SHARP [RO]; OOB bond0:10.50.6.73<0>
DCTN-0413110535-1:253698:253698 [5] NCCL INFO Initialized NET plugin IBext_v11
DCTN-0413110535-1:253698:253698 [5] NCCL INFO Assigned NET plugin IBext_v11 to comm
DCTN-0413110535-1:253698:253698 [5] NCCL INFO Using network IBext_v11
DCTN-0413110535-1:253697:253697 [4] NCCL INFO NET/IB : Using [0]mlx5_0:1/IB/SHARP [1]mlx5_1:1/IB/SHARP [2]mlx5_2:1/IB/SHARP [3]mlx5_3:1/IB/SHARP [4]mlx5_4:1/IB/SHARP [5]mlx5_5:1/IB/SHARP [6]mlx5_6:1/IB/SHARP [7]mlx5_7:1/IB/SHARP [8]mlx5_8:1/IB/SHARP [9]mlx5_9:1/IB/SHARP [RO]; OOB bond0:10.50.6.73<0>
DCTN-0413110535-1:253697:253697 [4] NCCL INFO Initialized NET plugin IBext_v11
DCTN-0413110535-1:253697:253697 [4] NCCL INFO Assigned NET plugin IBext_v11 to comm
DCTN-0413110535-1:253697:253697 [4] NCCL INFO Using network IBext_v11
DCTN-0413110535-1:253696:253696 [3] NCCL INFO NET/IB : Using [0]mlx5_0:1/IB/SHARP [1]mlx5_1:1/IB/SHARP [2]mlx5_2:1/IB/SHARP [3]mlx5_3:1/IB/SHARP [4]mlx5_4:1/IB/SHARP [5]mlx5_5:1/IB/SHARP [6]mlx5_6:1/IB/SHARP [7]mlx5_7:1/IB/SHARP [8]mlx5_8:1/IB/SHARP [9]mlx5_9:1/IB/SHARP [RO]; OOB bond0:10.50.6.73<0>
DCTN-0413110535-1:253696:253696 [3] NCCL INFO Initialized NET plugin IBext_v11
DCTN-0413110535-1:253696:253696 [3] NCCL INFO Assigned NET plugin IBext_v11 to comm
DCTN-0413110535-1:253696:253696 [3] NCCL INFO Using network IBext_v11
DCTN-0413110535-1:253694:253694 [1] NCCL INFO NET/IB : Using [0]mlx5_0:1/IB/SHARP [1]mlx5_1:1/IB/SHARP [2]mlx5_2:1/IB/SHARP [3]mlx5_3:1/IB/SHARP [4]mlx5_4:1/IB/SHARP [5]mlx5_5:1/IB/SHARP [6]mlx5_6:1/IB/SHARP [7]mlx5_7:1/IB/SHARP [8]mlx5_8:1/IB/SHARP [9]mlx5_9:1/IB/SHARP [RO]; OOB bond0:10.50.6.73<0>
DCTN-0413110535-1:253694:253694 [1] NCCL INFO Initialized NET plugin IBext_v11
DCTN-0413110535-1:253694:253694 [1] NCCL INFO Assigned NET plugin IBext_v11 to comm
DCTN-0413110535-1:253694:253694 [1] NCCL INFO Using network IBext_v11
DCTN-0413110535-1:253699:253699 [6] NCCL INFO NET/IB : Using [0]mlx5_0:1/IB/SHARP [1]mlx5_1:1/IB/SHARP [2]mlx5_2:1/IB/SHARP [3]mlx5_3:1/IB/SHARP [4]mlx5_4:1/IB/SHARP [5]mlx5_5:1/IB/SHARP [6]mlx5_6:1/IB/SHARP [7]mlx5_7:1/IB/SHARP [8]mlx5_8:1/IB/SHARP [9]mlx5_9:1/IB/SHARP [RO]; OOB bond0:10.50.6.73<0>
DCTN-0413110535-1:253699:253699 [6] NCCL INFO Initialized NET plugin IBext_v11
DCTN-0413110535-1:253699:253699 [6] NCCL INFO Assigned NET plugin IBext_v11 to comm
DCTN-0413110535-1:253699:253699 [6] NCCL INFO Using network IBext_v11
DCTN-0413110535-1:253698:253698 [5] NCCL INFO DMA-BUF is available on GPU device 5
DCTN-0413110535-1:253698:253698 [5] NCCL INFO ncclCommInitRankConfig comm 0x27790bb0 rank 5 nranks 16 cudaDev 5 nvmlDev 5 busId 94000 commId 0x20df7aa5035d5efc - Init START
DCTN-0413110535-1:253696:253696 [3] NCCL INFO DMA-BUF is available on GPU device 3
DCTN-0413110535-1:253696:253696 [3] NCCL INFO ncclCommInitRankConfig comm 0x3d15d9c0 rank 3 nranks 16 cudaDev 3 nvmlDev 3 busId 77000 commId 0x20df7aa5035d5efc - Init START
DCTN-0413110535-1:253697:253697 [4] NCCL INFO DMA-BUF is available on GPU device 4
DCTN-0413110535-1:253697:253697 [4] NCCL INFO ncclCommInitRankConfig comm 0x2ad53960 rank 4 nranks 16 cudaDev 4 nvmlDev 4 busId 84000 commId 0x20df7aa5035d5efc - Init START
DCTN-0413110535-1:253694:253694 [1] NCCL INFO DMA-BUF is available on GPU device 1
DCTN-0413110535-1:253694:253694 [1] NCCL INFO ncclCommInitRankConfig comm 0x45636ca0 rank 1 nranks 16 cudaDev 1 nvmlDev 1 busId 14000 commId 0x20df7aa5035d5efc - Init START
DCTN-0413110535-1:253699:253699 [6] NCCL INFO DMA-BUF is available on GPU device 6
DCTN-0413110535-1:253699:253699 [6] NCCL INFO ncclCommInitRankConfig comm 0x32e45710 rank 6 nranks 16 cudaDev 6 nvmlDev 6 busId e4000 commId 0x20df7aa5035d5efc - Init START
DCTN-0413110535-1:253700:253700 [7] NCCL INFO RAS client listening socket at ::1<28028>
DCTN-0413110535-1:253696:253696 [3] NCCL INFO RAS client listening socket at ::1<28028>
DCTN-0413110535-1:253698:253698 [5] NCCL INFO RAS client listening socket at ::1<28028>
DCTN-0413110535-1:253694:253694 [1] NCCL INFO RAS client listening socket at ::1<28028>
DCTN-0413110535-1:253699:253699 [6] NCCL INFO RAS client listening socket at ::1<28028>
DCTN-0413110535-1:253695:253695 [2] NCCL INFO RAS client listening socket at ::1<28028>
DCTN-0413110535-1:253697:253697 [4] NCCL INFO RAS client listening socket at ::1<28028>
DCTN-0413110535-1:253693:253693 [0] NCCL INFO RAS client listening socket at ::1<28028>
DCTN-0413110535-1:253693:253693 [0] NCCL INFO Bootstrap timings total 0.542506 (create 0.000030, send 0.000075, recv 0.433565, ring 0.010691, delay 0.000001)
DCTN-0413110535-1:253694:253694 [1] NCCL INFO Bootstrap timings total 0.109125 (create 0.000052, send 0.000107, recv 0.000139, ring 0.092970, delay 0.000000)
DCTN-0413110535-1:253695:253695 [2] NCCL INFO Bootstrap timings total 0.578671 (create 0.000050, send 0.000104, recv 0.468631, ring 0.092421, delay 0.000001)
DCTN-0413110535-1:253696:253696 [3] NCCL INFO Bootstrap timings total 0.110146 (create 0.000042, send 0.000097, recv 0.000719, ring 0.093486, delay 0.000001)
DCTN-0413110535-1:253697:253697 [4] NCCL INFO Bootstrap timings total 0.109547 (create 0.000043, send 0.000104, recv 0.000107, ring 0.092161, delay 0.000001)
DCTN-0413110535-1:253700:253700 [7] NCCL INFO Bootstrap timings total 0.535821 (create 0.000033, send 0.000083, recv 0.000067, ring 0.093620, delay 0.000001)
DCTN-0413110535-1:253699:253699 [6] NCCL INFO Bootstrap timings total 0.108913 (create 0.000052, send 0.000086, recv 0.000109, ring 0.093057, delay 0.000001)
DCTN-0413110535-1:253698:253698 [5] NCCL INFO Bootstrap timings total 0.146183 (create 0.000045, send 0.000103, recv 0.037368, ring 0.093034, delay 0.000001)
DCTN-0413110535-1:253694:253694 [1] NCCL INFO MNNVL busId 0x14000 fabric UUID 0.0 cliqueId 0x0 state 3 healthMask 0x80
DCTN-0413110535-1:253695:253695 [2] NCCL INFO MNNVL busId 0x64000 fabric UUID 0.0 cliqueId 0x0 state 3 healthMask 0x80
DCTN-0413110535-1:253696:253696 [3] NCCL INFO MNNVL busId 0x77000 fabric UUID 0.0 cliqueId 0x0 state 3 healthMask 0x80
DCTN-0413110535-1:253697:253697 [4] NCCL INFO MNNVL busId 0x84000 fabric UUID 0.0 cliqueId 0x0 state 3 healthMask 0x80
DCTN-0413110535-1:253699:253699 [6] NCCL INFO MNNVL busId 0xe4000 fabric UUID 0.0 cliqueId 0x0 state 3 healthMask 0x80
DCTN-0413110535-1:253700:253700 [7] NCCL INFO MNNVL busId 0xf6000 fabric UUID 0.0 cliqueId 0x0 state 3 healthMask 0x80
DCTN-0413110535-1:253698:253698 [5] NCCL INFO MNNVL busId 0x94000 fabric UUID 0.0 cliqueId 0x0 state 3 healthMask 0x80
DCTN-0413110535-1:253693:253693 [0] NCCL INFO MNNVL busId 0x4000 fabric UUID 0.0 cliqueId 0x0 state 3 healthMask 0x80
DCTN-0413110535-1:253700:253700 [7] NCCL INFO NCCL_P2P_LEVEL set by environment to NVL
DCTN-0413110535-1:253699:253699 [6] NCCL INFO NCCL_P2P_LEVEL set by environment to NVL
DCTN-0413110535-1:253698:253698 [5] NCCL INFO NCCL_P2P_LEVEL set by environment to NVL
DCTN-0413110535-1:253697:253697 [4] NCCL INFO NCCL_P2P_LEVEL set by environment to NVL
DCTN-0413110535-1:253696:253696 [3] NCCL INFO NCCL_P2P_LEVEL set by environment to NVL
DCTN-0413110535-1:253695:253695 [2] NCCL INFO NCCL_P2P_LEVEL set by environment to NVL
DCTN-0413110535-1:253693:253693 [0] NCCL INFO NCCL_P2P_LEVEL set by environment to NVL
DCTN-0413110535-1:253694:253694 [1] NCCL INFO NCCL_P2P_LEVEL set by environment to NVL
DCTN-0413110535-1:253698:253698 [5] NCCL INFO ncclTopoGetCpuAffinity: Affinity for GPU 5 is 36-71. (GPU affinity = 36-71 ; CPU affinity = 0-71).
DCTN-0413110535-1:253693:253693 [0] NCCL INFO ncclTopoGetCpuAffinity: Affinity for GPU 0 is 0-35. (GPU affinity = 0-35 ; CPU affinity = 0-71).
DCTN-0413110535-1:253693:253693 [0] NCCL INFO NCCL_NVLS_ENABLE set by environment to 0.
DCTN-0413110535-1:253699:253699 [6] NCCL INFO ncclTopoGetCpuAffinity: Affinity for GPU 6 is 36-71. (GPU affinity = 36-71 ; CPU affinity = 0-71).
DCTN-0413110535-1:253699:253699 [6] NCCL INFO NCCL_NVLS_ENABLE set by environment to 0.
DCTN-0413110535-1:253700:253700 [7] NCCL INFO ncclTopoGetCpuAffinity: Affinity for GPU 7 is 36-71. (GPU affinity = 36-71 ; CPU affinity = 0-71).
DCTN-0413110535-1:253695:253695 [2] NCCL INFO ncclTopoGetCpuAffinity: Affinity for GPU 2 is 0-35. (GPU affinity = 0-35 ; CPU affinity = 0-71).
DCTN-0413110535-1:253700:253700 [7] NCCL INFO NCCL_NVLS_ENABLE set by environment to 0.
DCTN-0413110535-1:253695:253695 [2] NCCL INFO NCCL_NVLS_ENABLE set by environment to 0.
DCTN-0413110535-1:253697:253697 [4] NCCL INFO ncclTopoGetCpuAffinity: Affinity for GPU 4 is 36-71. (GPU affinity = 36-71 ; CPU affinity = 0-71).
DCTN-0413110535-1:253697:253697 [4] NCCL INFO NCCL_NVLS_ENABLE set by environment to 0.
DCTN-0413110535-1:253696:253696 [3] NCCL INFO ncclTopoGetCpuAffinity: Affinity for GPU 3 is 0-35. (GPU affinity = 0-35 ; CPU affinity = 0-71).
DCTN-0413110535-1:253698:253698 [5] NCCL INFO NCCL_NVLS_ENABLE set by environment to 0.
DCTN-0413110535-1:253694:253694 [1] NCCL INFO ncclTopoGetCpuAffinity: Affinity for GPU 1 is 0-35. (GPU affinity = 0-35 ; CPU affinity = 0-71).
DCTN-0413110535-1:253694:253694 [1] NCCL INFO NCCL_NVLS_ENABLE set by environment to 0.
DCTN-0413110535-1:253696:253696 [3] NCCL INFO NCCL_NVLS_ENABLE set by environment to 0.
DCTN-0413110535-1:253698:253698 [5] NCCL INFO comm 0x27790bb0 rank 5 nRanks 16 nNodes 2 localRanks 8 localRank 5 MNNVL 0
DCTN-0413110535-1:253699:253699 [6] NCCL INFO comm 0x32e45710 rank 6 nRanks 16 nNodes 2 localRanks 8 localRank 6 MNNVL 0
DCTN-0413110535-1:253700:253700 [7] NCCL INFO comm 0x13203a60 rank 7 nRanks 16 nNodes 2 localRanks 8 localRank 7 MNNVL 0
DCTN-0413110535-1:253698:253698 [5] NCCL INFO Trees [0] 0/-1/-1->5->7 [1] 0/-1/-1->5->7 [2] 0/-1/-1->5->7 [3] 0/-1/-1->5->7 [4] 0/-1/-1->5->7 [5] 0/-1/-1->5->7 [6] 0/-1/-1->5->7 [7] 0/-1/-1->5->7 [8] 0/-1/-1->5->7 [9] 0/-1/-1->5->7 [10] 0/-1/-1->5->7 [11] 0/-1/-1->5->7 [12] 0/-1/-1->5->7 [13] 0/-1/-1->5->7 [14] 0/-1/-1->5->7 [15] 0/-1/-1->5->7 [16] 0/-1/-1->5->7 [17] 0/-1/-1->5->7 [18] 0/-1/-1->5->7 [19] 0/-1/-1->5->7
DCTN-0413110535-1:253696:253696 [3] NCCL INFO comm 0x3d15d9c0 rank 3 nRanks 16 nNodes 2 localRanks 8 localRank 3 MNNVL 0
DCTN-0413110535-1:253697:253697 [4] NCCL INFO comm 0x2ad53960 rank 4 nRanks 16 nNodes 2 localRanks 8 localRank 4 MNNVL 0
DCTN-0413110535-1:253698:253698 [5] NCCL INFO P2P Chunksize set to 131072
DCTN-0413110535-1:253699:253699 [6] NCCL INFO Trees [0] 7/-1/-1->6->4 [1] 7/-1/-1->6->4 [2] 7/-1/-1->6->4 [3] 7/14/-1->6->-1 [4] 7/-1/-1->6->4 [5] -1/-1/-1->6->4 [6] 7/-1/-1->6->4 [7] 7/-1/-1->6->4 [8] 7/-1/-1->6->4 [9] 7/14/-1->6->-1 [10] 7/-1/-1->6->4 [11] 7/-1/-1->6->4 [12] 7/-1/-1->6->4 [13] 7/-1/-1->6->14 [14] 7/-1/-1->6->4 [15] -1/-1/-1->6->4 [16] 7/-1/-1->6->4 [17] 7/-1/-1->6->4 [18] 7/-1/-1->6->4 [19] 7/-1/-1->6->14
DCTN-0413110535-1:253699:253699 [6] NCCL INFO P2P Chunksize set to 131072
DCTN-0413110535-1:253700:253700 [7] NCCL INFO Trees [0] 5/-1/-1->7->6 [1] 5/-1/-1->7->6 [2] 5/-1/-1->7->6 [3] 5/-1/-1->7->6 [4] 5/-1/-1->7->6 [5] 5/15/-1->7->-1 [6] 5/-1/-1->7->6 [7] 5/-1/-1->7->6 [8] 5/-1/-1->7->6 [9] 5/-1/-1->7->6 [10] 5/-1/-1->7->6 [11] 5/-1/-1->7->6 [12] 5/-1/-1->7->6 [13] 5/-1/-1->7->6 [14] 5/-1/-1->7->6 [15] 5/-1/-1->7->15 [16] 5/-1/-1->7->6 [17] 5/-1/-1->7->6 [18] 5/-1/-1->7->6 [19] 5/-1/-1->7->6
DCTN-0413110535-1:253700:253700 [7] NCCL INFO P2P Chunksize set to 131072
DCTN-0413110535-1:253696:253696 [3] NCCL INFO Trees [0] 4/-1/-1->3->2 [1] 4/-1/-1->3->2 [2] -1/-1/-1->3->2 [3] 4/-1/-1->3->2 [4] 4/11/-1->3->-1 [5] 4/-1/-1->3->2 [6] 4/-1/-1->3->2 [7] 4/-1/-1->3->2 [8] -1/-1/-1->3->2 [9] 4/-1/-1->3->2 [10] 4/-1/-1->3->2 [11] 4/-1/-1->3->2 [12] -1/-1/-1->3->2 [13] 4/-1/-1->3->2 [14] 4/-1/-1->3->11 [15] 4/-1/-1->3->2 [16] 4/-1/-1->3->2 [17] 4/-1/-1->3->2 [18] -1/-1/-1->3->2 [19] 4/-1/-1->3->2
DCTN-0413110535-1:253696:253696 [3] NCCL INFO P2P Chunksize set to 131072
DCTN-0413110535-1:253697:253697 [4] NCCL INFO Trees [0] 6/-1/-1->4->3 [1] 6/-1/-1->4->3 [2] 6/12/-1->4->-1 [3] -1/-1/-1->4->3 [4] 6/-1/-1->4->3 [5] 6/-1/-1->4->3 [6] 6/-1/-1->4->3 [7] 6/-1/-1->4->3 [8] 6/12/-1->4->-1 [9] -1/-1/-1->4->3 [10] 6/-1/-1->4->3 [11] 6/-1/-1->4->3 [12] 6/-1/-1->4->12 [13] -1/-1/-1->4->3 [14] 6/-1/-1->4->3 [15] 6/-1/-1->4->3 [16] 6/-1/-1->4->3 [17] 6/-1/-1->4->3 [18] 6/-1/-1->4->12 [19] -1/-1/-1->4->3
DCTN-0413110535-1:253695:253695 [2] NCCL INFO comm 0x16f21ac0 rank 2 nRanks 16 nNodes 2 localRanks 8 localRank 2 MNNVL 0
DCTN-0413110535-1:253697:253697 [4] NCCL INFO P2P Chunksize set to 131072
DCTN-0413110535-1:253694:253694 [1] NCCL INFO comm 0x45636ca0 rank 1 nRanks 16 nNodes 2 localRanks 8 localRank 1 MNNVL 0
DCTN-0413110535-1:253693:253693 [0] NCCL INFO comm 0x2bd08e70 rank 0 nRanks 16 nNodes 2 localRanks 8 localRank 0 MNNVL 0
DCTN-0413110535-1:253695:253695 [2] NCCL INFO Trees [0] 3/-1/-1->2->1 [1] 3/10/-1->2->-1 [2] 3/-1/-1->2->1 [3] 3/-1/-1->2->1 [4] -1/-1/-1->2->1 [5] 3/-1/-1->2->1 [6] 3/-1/-1->2->1 [7] 3/10/-1->2->-1 [8] 3/-1/-1->2->1 [9] 3/-1/-1->2->1 [10] 3/-1/-1->2->1 [11] 3/-1/-1->2->10 [12] 3/-1/-1->2->1 [13] 3/-1/-1->2->1 [14] -1/-1/-1->2->1 [15] 3/-1/-1->2->1 [16] 3/-1/-1->2->1 [17] 3/-1/-1->2->10 [18] 3/-1/-1->2->1 [19] 3/-1/-1->2->1
DCTN-0413110535-1:253695:253695 [2] NCCL INFO P2P Chunksize set to 131072
DCTN-0413110535-1:253693:253693 [0] NCCL INFO Channel 00/20 :  0  5  7  6  4  3  2 10 11 12 14 15 13  8  9  1
DCTN-0413110535-1:253694:253694 [1] NCCL INFO Trees [0] 2/9/-1->1->-1 [1] -1/-1/-1->1->0 [2] 2/-1/-1->1->0 [3] 2/-1/-1->1->0 [4] 2/-1/-1->1->0 [5] 2/-1/-1->1->0 [6] 2/9/-1->1->-1 [7] -1/-1/-1->1->0 [8] 2/-1/-1->1->0 [9] 2/-1/-1->1->0 [10] 2/-1/-1->1->9 [11] -1/-1/-1->1->0 [12] 2/-1/-1->1->0 [13] 2/-1/-1->1->0 [14] 2/-1/-1->1->0 [15] 2/-1/-1->1->0 [16] 2/-1/-1->1->9 [17] -1/-1/-1->1->0 [18] 2/-1/-1->1->0 [19] 2/-1/-1->1->0
DCTN-0413110535-1:253693:253693 [0] NCCL INFO Channel 01/20 :  0  1  9  8 13 15 14 12 11 10  2  3  4  6  7  5
DCTN-0413110535-1:253694:253694 [1] NCCL INFO P2P Chunksize set to 131072
DCTN-0413110535-1:253693:253693 [0] NCCL INFO Channel 02/20 :  0  5  7  6 14 15 13  8  9 10 11 12  4  3  2  1
DCTN-0413110535-1:253693:253693 [0] NCCL INFO Channel 03/20 :  0  1  2  3  4 12 11 10  9  8 13 15 14  6  7  5
DCTN-0413110535-1:253693:253693 [0] NCCL INFO Channel 04/20 :  0  5  7  6  4 12 14 15 13  8  9 10 11  3  2  1
DCTN-0413110535-1:253693:253693 [0] NCCL INFO Channel 05/20 :  0  1  2  3 11 10  9  8 13 15 14 12  4  6  7  5
DCTN-0413110535-1:253693:253693 [0] NCCL INFO Channel 06/20 :  0  1  2  3  4  6 14 12 11 10  9  8 13 15  7  5
DCTN-0413110535-1:253693:253693 [0] NCCL INFO Channel 07/20 :  0  5  7 15 13  8  9 10 11 12 14  6  4  3  2  1
DCTN-0413110535-1:253693:253693 [0] NCCL INFO Channel 08/20 :  0  1  9  8 13 15 14 12 11 10  2  3  4  6  7  5
DCTN-0413110535-1:253693:253693 [0] NCCL INFO Channel 09/20 :  0  5  7  6  4  3  2 10 11 12 14 15 13  8  9  1
DCTN-0413110535-1:253693:253693 [0] NCCL INFO Channel 10/20 :  0  5  7  6  4  3  2 10 11 12 14 15 13  8  9  1
DCTN-0413110535-1:253693:253693 [0] NCCL INFO Channel 11/20 :  0  1  9  8 13 15 14 12 11 10  2  3  4  6  7  5
DCTN-0413110535-1:253693:253693 [0] NCCL INFO Channel 12/20 :  0  5  7  6 14 15 13  8  9 10 11 12  4  3  2  1
DCTN-0413110535-1:253693:253693 [0] NCCL INFO Channel 13/20 :  0  1  2  3  4 12 11 10  9  8 13 15 14  6  7  5
DCTN-0413110535-1:253693:253693 [0] NCCL INFO Channel 14/20 :  0  5  7  6  4 12 14 15 13  8  9 10 11  3  2  1
DCTN-0413110535-1:253693:253693 [0] NCCL INFO Channel 15/20 :  0  1  2  3 11 10  9  8 13 15 14 12  4  6  7  5
DCTN-0413110535-1:253693:253693 [0] NCCL INFO Channel 16/20 :  0  1  2  3  4  6 14 12 11 10  9  8 13 15  7  5
DCTN-0413110535-1:253693:253693 [0] NCCL INFO Channel 17/20 :  0  5  7 15 13  8  9 10 11 12 14  6  4  3  2  1
DCTN-0413110535-1:253693:253693 [0] NCCL INFO Channel 18/20 :  0  1  9  8 13 15 14 12 11 10  2  3  4  6  7  5
DCTN-0413110535-1:253693:253693 [0] NCCL INFO Channel 19/20 :  0  5  7  6  4  3  2 10 11 12 14 15 13  8  9  1
DCTN-0413110535-1:253693:253693 [0] NCCL INFO Trees [0] -1/-1/-1->0->5 [1] 1/-1/-1->0->5 [2] 1/-1/-1->0->5 [3] 1/-1/-1->0->5 [4] 1/-1/-1->0->5 [5] 1/-1/-1->0->5 [6] -1/-1/-1->0->5 [7] 1/-1/-1->0->5 [8] 1/-1/-1->0->5 [9] 1/-1/-1->0->5 [10] -1/-1/-1->0->5 [11] 1/-1/-1->0->5 [12] 1/-1/-1->0->5 [13] 1/-1/-1->0->5 [14] 1/-1/-1->0->5 [15] 1/-1/-1->0->5 [16] -1/-1/-1->0->5 [17] 1/-1/-1->0->5 [18] 1/-1/-1->0->5 [19] 1/-1/-1->0->5
DCTN-0413110535-1:253693:253693 [0] NCCL INFO P2P Chunksize set to 131072
DCTN-0413110535-1:253693:253693 [0] NCCL INFO PROFILER/Plugin: Could not find: libnccl-profiler.so
DCTN-0413110535-1:253693:253693 [0] NCCL INFO Check P2P Type isAllDirectP2p 1 directMode 0 isAllCudaP2p 1
DCTN-0413110535-1:253693:253838 [0] NCCL INFO [Proxy Service] Device 0 CPU core 8
DCTN-0413110535-1:253693:253839 [0] NCCL INFO [Proxy Service UDS] Device 0 CPU core 19
DCTN-0413110535-1:253698:253698 [5] NCCL INFO PROFILER/Plugin: Could not find: libnccl-profiler.so
DCTN-0413110535-1:253698:253698 [5] NCCL INFO Check P2P Type isAllDirectP2p 1 directMode 0 isAllCudaP2p 1
DCTN-0413110535-1:253698:253840 [0] NCCL INFO [Proxy Service] Device 5 CPU core 67
DCTN-0413110535-1:253698:253841 [0] NCCL INFO [Proxy Service UDS] Device 5 CPU core 41
DCTN-0413110535-1:253696:253696 [3] NCCL INFO PROFILER/Plugin: Could not find: libnccl-profiler.so
DCTN-0413110535-1:253696:253696 [3] NCCL INFO Check P2P Type isAllDirectP2p 1 directMode 0 isAllCudaP2p 1
DCTN-0413110535-1:253696:253842 [0] NCCL INFO [Proxy Service] Device 3 CPU core 19
DCTN-0413110535-1:253696:253843 [0] NCCL INFO [Proxy Service UDS] Device 3 CPU core 9
DCTN-0413110535-1:253700:253700 [7] NCCL INFO PROFILER/Plugin: Could not find: libnccl-profiler.so
DCTN-0413110535-1:253700:253700 [7] NCCL INFO Check P2P Type isAllDirectP2p 1 directMode 0 isAllCudaP2p 1
DCTN-0413110535-1:253700:253844 [0] NCCL INFO [Proxy Service] Device 7 CPU core 67
DCTN-0413110535-1:253700:253845 [0] NCCL INFO [Proxy Service UDS] Device 7 CPU core 41
DCTN-0413110535-1:253699:253699 [6] NCCL INFO PROFILER/Plugin: Could not find: libnccl-profiler.so
DCTN-0413110535-1:253699:253699 [6] NCCL INFO Check P2P Type isAllDirectP2p 1 directMode 0 isAllCudaP2p 1
DCTN-0413110535-1:253699:253846 [0] NCCL INFO [Proxy Service] Device 6 CPU core 42
DCTN-0413110535-1:253699:253847 [0] NCCL INFO [Proxy Service UDS] Device 6 CPU core 50
DCTN-0413110535-1:253695:253695 [2] NCCL INFO PROFILER/Plugin: Could not find: libnccl-profiler.so
DCTN-0413110535-1:253695:253695 [2] NCCL INFO Check P2P Type isAllDirectP2p 1 directMode 0 isAllCudaP2p 1
DCTN-0413110535-1:253695:253848 [0] NCCL INFO [Proxy Service] Device 2 CPU core 0
DCTN-0413110535-1:253695:253849 [0] NCCL INFO [Proxy Service UDS] Device 2 CPU core 19
DCTN-0413110535-1:253697:253697 [4] NCCL INFO PROFILER/Plugin: Could not find: libnccl-profiler.so
DCTN-0413110535-1:253697:253697 [4] NCCL INFO Check P2P Type isAllDirectP2p 1 directMode 0 isAllCudaP2p 1
DCTN-0413110535-1:253697:253850 [0] NCCL INFO [Proxy Service] Device 4 CPU core 61
DCTN-0413110535-1:253697:253851 [0] NCCL INFO [Proxy Service UDS] Device 4 CPU core 41
DCTN-0413110535-1:253694:253694 [1] NCCL INFO PROFILER/Plugin: Could not find: libnccl-profiler.so
DCTN-0413110535-1:253694:253694 [1] NCCL INFO Check P2P Type isAllDirectP2p 1 directMode 0 isAllCudaP2p 1
DCTN-0413110535-1:253694:253852 [0] NCCL INFO [Proxy Service] Device 1 CPU core 12
DCTN-0413110535-1:253694:253853 [0] NCCL INFO [Proxy Service UDS] Device 1 CPU core 33
DCTN-0413110535-1:253700:253700 [7] NCCL INFO TUNER/Plugin: Could not find: libnccl-tuner.so
DCTN-0413110535-1:253700:253700 [7] NCCL INFO threadThresholds 8/8/64 | 128/8/64 | 512 | 512
DCTN-0413110535-1:253700:253700 [7] NCCL INFO 20 coll channels, 20 collnet channels, 0 nvls channels, 32 p2p channels, 2 p2p channels per peer
DCTN-0413110535-1:253693:253693 [0] NCCL INFO TUNER/Plugin: Could not find: libnccl-tuner.so
DCTN-0413110535-1:253693:253693 [0] NCCL INFO threadThresholds 8/8/64 | 128/8/64 | 512 | 512
DCTN-0413110535-1:253693:253693 [0] NCCL INFO 20 coll channels, 20 collnet channels, 0 nvls channels, 32 p2p channels, 2 p2p channels per peer
DCTN-0413110535-1:253697:253697 [4] NCCL INFO TUNER/Plugin: Could not find: libnccl-tuner.so
DCTN-0413110535-1:253697:253697 [4] NCCL INFO threadThresholds 8/8/64 | 128/8/64 | 512 | 512
DCTN-0413110535-1:253697:253697 [4] NCCL INFO 20 coll channels, 20 collnet channels, 0 nvls channels, 32 p2p channels, 2 p2p channels per peer
DCTN-0413110535-1:253699:253699 [6] NCCL INFO TUNER/Plugin: Could not find: libnccl-tuner.so
DCTN-0413110535-1:253699:253699 [6] NCCL INFO threadThresholds 8/8/64 | 128/8/64 | 512 | 512
DCTN-0413110535-1:253699:253699 [6] NCCL INFO 20 coll channels, 20 collnet channels, 0 nvls channels, 32 p2p channels, 2 p2p channels per peer
DCTN-0413110535-1:253693:253693 [0] NCCL INFO CC Off, workFifoBytes 1048576
DCTN-0413110535-1:253695:253695 [2] NCCL INFO TUNER/Plugin: Could not find: libnccl-tuner.so
DCTN-0413110535-1:253696:253696 [3] NCCL INFO TUNER/Plugin: Could not find: libnccl-tuner.so
DCTN-0413110535-1:253696:253696 [3] NCCL INFO threadThresholds 8/8/64 | 128/8/64 | 512 | 512
DCTN-0413110535-1:253696:253696 [3] NCCL INFO 20 coll channels, 20 collnet channels, 0 nvls channels, 32 p2p channels, 2 p2p channels per peer
DCTN-0413110535-1:253695:253695 [2] NCCL INFO threadThresholds 8/8/64 | 128/8/64 | 512 | 512
DCTN-0413110535-1:253695:253695 [2] NCCL INFO 20 coll channels, 20 collnet channels, 0 nvls channels, 32 p2p channels, 2 p2p channels per peer
DCTN-0413110535-1:253694:253694 [1] NCCL INFO TUNER/Plugin: Could not find: libnccl-tuner.so
DCTN-0413110535-1:253694:253694 [1] NCCL INFO threadThresholds 8/8/64 | 128/8/64 | 512 | 512
DCTN-0413110535-1:253694:253694 [1] NCCL INFO 20 coll channels, 20 collnet channels, 0 nvls channels, 32 p2p channels, 2 p2p channels per peer
DCTN-0413110535-1:253698:253698 [5] NCCL INFO TUNER/Plugin: Could not find: libnccl-tuner.so
DCTN-0413110535-1:253698:253698 [5] NCCL INFO threadThresholds 8/8/64 | 128/8/64 | 512 | 512
DCTN-0413110535-1:253698:253698 [5] NCCL INFO 20 coll channels, 20 collnet channels, 0 nvls channels, 32 p2p channels, 2 p2p channels per peer
DCTN-0413110535-1:253696:253696 [3] NCCL INFO ncclCommInitRankConfig comm 0x3d15d9c0 rank 3 nranks 16 cudaDev 3 nvmlDev 3 busId 77000 commId 0x20df7aa5035d5efc - Init COMPLETE
DCTN-0413110535-1:253700:253700 [7] NCCL INFO ncclCommInitRankConfig comm 0x13203a60 rank 7 nranks 16 cudaDev 7 nvmlDev 7 busId f6000 commId 0x20df7aa5035d5efc - Init COMPLETE
DCTN-0413110535-1:253696:253696 [3] NCCL INFO Init timings - ncclCommInitRankConfig: rank 3 nranks 16 total 2.53 (kernels 0.31, alloc 0.42, bootstrap 0.11, allgathers 0.05, topo 1.15, graphs 0.42, connections 0.05, rest 0.03)
DCTN-0413110535-1:253695:253695 [2] NCCL INFO ncclCommInitRankConfig comm 0x16f21ac0 rank 2 nranks 16 cudaDev 2 nvmlDev 2 busId 64000 commId 0x20df7aa5035d5efc - Init COMPLETE
DCTN-0413110535-1:253697:253697 [4] NCCL INFO ncclCommInitRankConfig comm 0x2ad53960 rank 4 nranks 16 cudaDev 4 nvmlDev 4 busId 84000 commId 0x20df7aa5035d5efc - Init COMPLETE
DCTN-0413110535-1:253694:253694 [1] NCCL INFO ncclCommInitRankConfig comm 0x45636ca0 rank 1 nranks 16 cudaDev 1 nvmlDev 1 busId 14000 commId 0x20df7aa5035d5efc - Init COMPLETE
DCTN-0413110535-1:253700:253700 [7] NCCL INFO Init timings - ncclCommInitRankConfig: rank 7 nranks 16 total 2.72 (kernels 0.20, alloc 0.30, bootstrap 0.54, allgathers 0.06, topo 1.15, graphs 0.41, connections 0.04, rest 0.03)
DCTN-0413110535-1:253695:253695 [2] NCCL INFO Init timings - ncclCommInitRankConfig: rank 2 nranks 16 total 2.72 (kernels 0.19, alloc 0.26, bootstrap 0.58, allgathers 0.05, topo 1.15, graphs 0.42, connections 0.04, rest 0.03)
DCTN-0413110535-1:253699:253699 [6] NCCL INFO ncclCommInitRankConfig comm 0x32e45710 rank 6 nranks 16 cudaDev 6 nvmlDev 6 busId e4000 commId 0x20df7aa5035d5efc - Init COMPLETE
DCTN-0413110535-1:253694:253694 [1] NCCL INFO Init timings - ncclCommInitRankConfig: rank 1 nranks 16 total 2.53 (kernels 0.31, alloc 0.42, bootstrap 0.11, allgathers 0.01, topo 1.15, graphs 0.46, connections 0.04, rest 0.03)
DCTN-0413110535-1:253697:253697 [4] NCCL INFO Init timings - ncclCommInitRankConfig: rank 4 nranks 16 total 2.55 (kernels 0.33, alloc 0.42, bootstrap 0.11, allgathers 0.05, topo 1.15, graphs 0.43, connections 0.04, rest 0.03)
DCTN-0413110535-1:253698:253698 [5] NCCL INFO ncclCommInitRankConfig comm 0x27790bb0 rank 5 nranks 16 cudaDev 5 nvmlDev 5 busId 94000 commId 0x20df7aa5035d5efc - Init COMPLETE
DCTN-0413110535-1:253699:253699 [6] NCCL INFO Init timings - ncclCommInitRankConfig: rank 6 nranks 16 total 2.53 (kernels 0.31, alloc 0.42, bootstrap 0.11, allgathers 0.05, topo 1.15, graphs 0.42, connections 0.04, rest 0.03)
DCTN-0413110535-1:253693:253693 [0] NCCL INFO ncclCommInitRankConfig comm 0x2bd08e70 rank 0 nranks 16 cudaDev 0 nvmlDev 0 busId 4000 commId 0x20df7aa5035d5efc - Init COMPLETE
DCTN-0413110535-1:253693:253693 [0] NCCL INFO Init timings - ncclCommInitRankConfig: rank 0 nranks 16 total 2.72 (kernels 0.19, alloc 0.29, bootstrap 0.54, allgathers 0.05, topo 1.15, graphs 0.42, connections 0.05, rest 0.03)
DCTN-0413110535-1:253698:253698 [5] NCCL INFO Init timings - ncclCommInitRankConfig: rank 5 nranks 16 total 2.59 (kernels 0.36, alloc 0.39, bootstrap 0.15, allgathers 0.05, topo 1.15, graphs 0.42, connections 0.05, rest 0.03)
DCTN-0413110535-1:253699:253699 [6] NCCL INFO Channel 00/0 : 6[6] -> 7[7] via P2P/CUMEM
DCTN-0413110535-1:253693:253693 [0] NCCL INFO Channel 01/0 : 0[0] -> 1[1] via P2P/CUMEM
DCTN-0413110535-1:253699:253699 [6] NCCL INFO Channel 01/0 : 6[6] -> 7[7] via P2P/CUMEM
DCTN-0413110535-1:253699:253699 [6] NCCL INFO Channel 02/0 : 6[6] -> 7[7] via P2P/CUMEM
DCTN-0413110535-1:253693:253693 [0] NCCL INFO Channel 02/0 : 0[0] -> 1[1] via P2P/CUMEM
DCTN-0413110535-1:253693:253693 [0] NCCL INFO Channel 03/0 : 0[0] -> 1[1] via P2P/CUMEM
DCTN-0413110535-1:253698:253698 [5] NCCL INFO Channel 00/0 : 5[5] -> 7[7] via P2P/CUMEM
DCTN-0413110535-1:253699:253699 [6] NCCL INFO Channel 03/0 : 6[6] -> 7[7] via P2P/CUMEM
DCTN-0413110535-1:253698:253698 [5] NCCL INFO Channel 01/0 : 5[5] -> 7[7] via P2P/CUMEM
DCTN-0413110535-1:253693:253693 [0] NCCL INFO Channel 04/0 : 0[0] -> 1[1] via P2P/CUMEM
DCTN-0413110535-1:253693:253693 [0] NCCL INFO Channel 05/0 : 0[0] -> 1[1] via P2P/CUMEM
DCTN-0413110535-1:253698:253698 [5] NCCL INFO Channel 02/0 : 5[5] -> 7[7] via P2P/CUMEM
DCTN-0413110535-1:253699:253699 [6] NCCL INFO Channel 04/0 : 6[6] -> 7[7] via P2P/CUMEM
DCTN-0413110535-1:253693:253693 [0] NCCL INFO Channel 07/0 : 0[0] -> 1[1] via P2P/CUMEM
DCTN-0413110535-1:253698:253698 [5] NCCL INFO Channel 03/0 : 5[5] -> 7[7] via P2P/CUMEM
DCTN-0413110535-1:253699:253699 [6] NCCL INFO Channel 06/0 : 6[6] -> 7[7] via P2P/CUMEM
DCTN-0413110535-1:253699:253699 [6] NCCL INFO Channel 07/0 : 6[6] -> 7[7] via P2P/CUMEM
DCTN-0413110535-1:253698:253698 [5] NCCL INFO Channel 04/0 : 5[5] -> 7[7] via P2P/CUMEM
DCTN-0413110535-1:253693:253693 [0] NCCL INFO Channel 08/0 : 0[0] -> 1[1] via P2P/CUMEM
DCTN-0413110535-1:253693:253693 [0] NCCL INFO Channel 09/0 : 0[0] -> 1[1] via P2P/CUMEM
DCTN-0413110535-1:253698:253698 [5] NCCL INFO Channel 05/0 : 5[5] -> 7[7] via P2P/CUMEM
DCTN-0413110535-1:253699:253699 [6] NCCL INFO Channel 08/0 : 6[6] -> 7[7] via P2P/CUMEM
DCTN-0413110535-1:253693:253693 [0] NCCL INFO Channel 11/0 : 0[0] -> 1[1] via P2P/CUMEM
DCTN-0413110535-1:253698:253698 [5] NCCL INFO Channel 06/0 : 5[5] -> 7[7] via P2P/CUMEM
DCTN-0413110535-1:253699:253699 [6] NCCL INFO Channel 09/0 : 6[6] -> 7[7] via P2P/CUMEM
DCTN-0413110535-1:253698:253698 [5] NCCL INFO Channel 07/0 : 5[5] -> 7[7] via P2P/CUMEM
DCTN-0413110535-1:253695:253695 [2] NCCL INFO Channel 00/0 : 2[2] -> 3[3] via P2P/CUMEM
DCTN-0413110535-1:253699:253699 [6] NCCL INFO Channel 10/0 : 6[6] -> 7[7] via P2P/CUMEM
DCTN-0413110535-1:253695:253695 [2] NCCL INFO Channel 01/0 : 2[2] -> 3[3] via P2P/CUMEM
DCTN-0413110535-1:253699:253699 [6] NCCL INFO Channel 11/0 : 6[6] -> 7[7] via P2P/CUMEM
DCTN-0413110535-1:253693:253693 [0] NCCL INFO Channel 12/0 : 0[0] -> 1[1] via P2P/CUMEM
DCTN-0413110535-1:253698:253698 [5] NCCL INFO Channel 08/0 : 5[5] -> 7[7] via P2P/CUMEM
DCTN-0413110535-1:253695:253695 [2] NCCL INFO Channel 02/0 : 2[2] -> 3[3] via P2P/CUMEM
DCTN-0413110535-1:253699:253699 [6] NCCL INFO Channel 12/0 : 6[6] -> 7[7] via P2P/CUMEM
DCTN-0413110535-1:253693:253693 [0] NCCL INFO Channel 13/0 : 0[0] -> 1[1] via P2P/CUMEM
DCTN-0413110535-1:253695:253695 [2] NCCL INFO Channel 03/0 : 2[2] -> 3[3] via P2P/CUMEM
DCTN-0413110535-1:253693:253693 [0] NCCL INFO Channel 14/0 : 0[0] -> 1[1] via P2P/CUMEM
DCTN-0413110535-1:253699:253699 [6] NCCL INFO Channel 13/0 : 6[6] -> 7[7] via P2P/CUMEM
DCTN-0413110535-1:253698:253698 [5] NCCL INFO Channel 09/0 : 5[5] -> 7[7] via P2P/CUMEM
DCTN-0413110535-1:253699:253699 [6] NCCL INFO Channel 14/0 : 6[6] -> 7[7] via P2P/CUMEM
DCTN-0413110535-1:253698:253698 [5] NCCL INFO Channel 10/0 : 5[5] -> 7[7] via P2P/CUMEM
DCTN-0413110535-1:253693:253693 [0] NCCL INFO Channel 15/0 : 0[0] -> 1[1] via P2P/CUMEM
DCTN-0413110535-1:253693:253693 [0] NCCL INFO Channel 17/0 : 0[0] -> 1[1] via P2P/CUMEM
DCTN-0413110535-1:253698:253698 [5] NCCL INFO Channel 11/0 : 5[5] -> 7[7] via P2P/CUMEM
DCTN-0413110535-1:253695:253695 [2] NCCL INFO Channel 05/0 : 2[2] -> 3[3] via P2P/CUMEM
DCTN-0413110535-1:253699:253699 [6] NCCL INFO Channel 16/0 : 6[6] -> 7[7] via P2P/CUMEM
DCTN-0413110535-1:253693:253693 [0] NCCL INFO Channel 18/0 : 0[0] -> 1[1] via P2P/CUMEM
DCTN-0413110535-1:253699:253699 [6] NCCL INFO Channel 17/0 : 6[6] -> 7[7] via P2P/CUMEM
DCTN-0413110535-1:253698:253698 [5] NCCL INFO Channel 12/0 : 5[5] -> 7[7] via P2P/CUMEM
DCTN-0413110535-1:253699:253699 [6] NCCL INFO Channel 18/0 : 6[6] -> 7[7] via P2P/CUMEM
DCTN-0413110535-1:253695:253695 [2] NCCL INFO Channel 06/0 : 2[2] -> 3[3] via P2P/CUMEM
DCTN-0413110535-1:253693:253693 [0] NCCL INFO Channel 19/0 : 0[0] -> 1[1] via P2P/CUMEM
DCTN-0413110535-1:253698:253698 [5] NCCL INFO Channel 13/0 : 5[5] -> 7[7] via P2P/CUMEM
DCTN-0413110535-1:253699:253699 [6] NCCL INFO Channel 19/0 : 6[6] -> 7[7] via P2P/CUMEM
DCTN-0413110535-1:253695:253695 [2] NCCL INFO Channel 07/0 : 2[2] -> 3[3] via P2P/CUMEM
DCTN-0413110535-1:253698:253698 [5] NCCL INFO Channel 14/0 : 5[5] -> 7[7] via P2P/CUMEM
DCTN-0413110535-1:253698:253698 [5] NCCL INFO Channel 15/0 : 5[5] -> 7[7] via P2P/CUMEM
DCTN-0413110535-1:253695:253695 [2] NCCL INFO Channel 08/0 : 2[2] -> 3[3] via P2P/CUMEM
DCTN-0413110535-1:253698:253698 [5] NCCL INFO Channel 16/0 : 5[5] -> 7[7] via P2P/CUMEM
DCTN-0413110535-1:253694:253694 [1] NCCL INFO Channel 00/0 : 1[1] -> 2[2] via P2P/CUMEM
DCTN-0413110535-1:253698:253698 [5] NCCL INFO Channel 17/0 : 5[5] -> 7[7] via P2P/CUMEM
DCTN-0413110535-1:253695:253695 [2] NCCL INFO Channel 09/0 : 2[2] -> 3[3] via P2P/CUMEM
DCTN-0413110535-1:253695:253695 [2] NCCL INFO Channel 10/0 : 2[2] -> 3[3] via P2P/CUMEM
DCTN-0413110535-1:253694:253694 [1] NCCL INFO Channel 02/0 : 1[1] -> 2[2] via P2P/CUMEM
DCTN-0413110535-1:253698:253698 [5] NCCL INFO Channel 18/0 : 5[5] -> 7[7] via P2P/CUMEM
DCTN-0413110535-1:253695:253695 [2] NCCL INFO Channel 11/0 : 2[2] -> 3[3] via P2P/CUMEM
DCTN-0413110535-1:253695:253695 [2] NCCL INFO Channel 12/0 : 2[2] -> 3[3] via P2P/CUMEM
DCTN-0413110535-1:253696:253696 [3] NCCL INFO Channel 00/0 : 3[3] -> 4[4] via P2P/CUMEM
DCTN-0413110535-1:253698:253698 [5] NCCL INFO Channel 19/0 : 5[5] -> 7[7] via P2P/CUMEM
DCTN-0413110535-1:253694:253694 [1] NCCL INFO Channel 03/0 : 1[1] -> 2[2] via P2P/CUMEM
DCTN-0413110535-1:253696:253696 [3] NCCL INFO Channel 01/0 : 3[3] -> 4[4] via P2P/CUMEM
DCTN-0413110535-1:253694:253694 [1] NCCL INFO Channel 04/0 : 1[1] -> 2[2] via P2P/CUMEM
DCTN-0413110535-1:253695:253695 [2] NCCL INFO Channel 13/0 : 2[2] -> 3[3] via P2P/CUMEM
DCTN-0413110535-1:253695:253695 [2] NCCL INFO Channel 15/0 : 2[2] -> 3[3] via P2P/CUMEM
DCTN-0413110535-1:253694:253694 [1] NCCL INFO Channel 05/0 : 1[1] -> 2[2] via P2P/CUMEM
DCTN-0413110535-1:253696:253696 [3] NCCL INFO Channel 03/0 : 3[3] -> 4[4] via P2P/CUMEM
DCTN-0413110535-1:253694:253694 [1] NCCL INFO Channel 06/0 : 1[1] -> 2[2] via P2P/CUMEM
DCTN-0413110535-1:253695:253695 [2] NCCL INFO Channel 16/0 : 2[2] -> 3[3] via P2P/CUMEM
DCTN-0413110535-1:253695:253695 [2] NCCL INFO Channel 17/0 : 2[2] -> 3[3] via P2P/CUMEM
DCTN-0413110535-1:253694:253694 [1] NCCL INFO Channel 08/0 : 1[1] -> 2[2] via P2P/CUMEM
DCTN-0413110535-1:253696:253696 [3] NCCL INFO Channel 04/0 : 3[3] -> 4[4] via P2P/CUMEM
DCTN-0413110535-1:253695:253695 [2] NCCL INFO Channel 18/0 : 2[2] -> 3[3] via P2P/CUMEM
DCTN-0413110535-1:253694:253694 [1] NCCL INFO Channel 09/0 : 1[1] -> 2[2] via P2P/CUMEM
DCTN-0413110535-1:253694:253694 [1] NCCL INFO Channel 10/0 : 1[1] -> 2[2] via P2P/CUMEM
DCTN-0413110535-1:253696:253696 [3] NCCL INFO Channel 05/0 : 3[3] -> 4[4] via P2P/CUMEM
DCTN-0413110535-1:253695:253695 [2] NCCL INFO Channel 19/0 : 2[2] -> 3[3] via P2P/CUMEM
DCTN-0413110535-1:253694:253694 [1] NCCL INFO Channel 12/0 : 1[1] -> 2[2] via P2P/CUMEM
DCTN-0413110535-1:253696:253696 [3] NCCL INFO Channel 06/0 : 3[3] -> 4[4] via P2P/CUMEM
DCTN-0413110535-1:253694:253694 [1] NCCL INFO Channel 13/0 : 1[1] -> 2[2] via P2P/CUMEM
DCTN-0413110535-1:253696:253696 [3] NCCL INFO Channel 07/0 : 3[3] -> 4[4] via P2P/CUMEM
DCTN-0413110535-1:253694:253694 [1] NCCL INFO Channel 14/0 : 1[1] -> 2[2] via P2P/CUMEM
DCTN-0413110535-1:253694:253694 [1] NCCL INFO Channel 15/0 : 1[1] -> 2[2] via P2P/CUMEM
DCTN-0413110535-1:253696:253696 [3] NCCL INFO Channel 09/0 : 3[3] -> 4[4] via P2P/CUMEM
DCTN-0413110535-1:253694:253694 [1] NCCL INFO Channel 16/0 : 1[1] -> 2[2] via P2P/CUMEM
DCTN-0413110535-1:253696:253696 [3] NCCL INFO Channel 10/0 : 3[3] -> 4[4] via P2P/CUMEM
DCTN-0413110535-1:253694:253694 [1] NCCL INFO Channel 18/0 : 1[1] -> 2[2] via P2P/CUMEM
DCTN-0413110535-1:253696:253696 [3] NCCL INFO Channel 11/0 : 3[3] -> 4[4] via P2P/CUMEM
DCTN-0413110535-1:253694:253694 [1] NCCL INFO Channel 19/0 : 1[1] -> 2[2] via P2P/CUMEM
DCTN-0413110535-1:253696:253696 [3] NCCL INFO Channel 13/0 : 3[3] -> 4[4] via P2P/CUMEM
DCTN-0413110535-1:253693:253693 [0] NCCL INFO Channel 00/0 : 0[0] -> 5[5] via P2P/CUMEM
DCTN-0413110535-1:253696:253696 [3] NCCL INFO Channel 14/0 : 3[3] -> 4[4] via P2P/CUMEM
DCTN-0413110535-1:253693:253693 [0] NCCL INFO Channel 01/0 : 0[0] -> 5[5] via P2P/CUMEM
DCTN-0413110535-1:253696:253696 [3] NCCL INFO Channel 15/0 : 3[3] -> 4[4] via P2P/CUMEM
DCTN-0413110535-1:253693:253693 [0] NCCL INFO Channel 02/0 : 0[0] -> 5[5] via P2P/CUMEM
DCTN-0413110535-1:253696:253696 [3] NCCL INFO Channel 16/0 : 3[3] -> 4[4] via P2P/CUMEM
DCTN-0413110535-1:253693:253693 [0] NCCL INFO Channel 03/0 : 0[0] -> 5[5] via P2P/CUMEM
DCTN-0413110535-1:253696:253696 [3] NCCL INFO Channel 17/0 : 3[3] -> 4[4] via P2P/CUMEM
DCTN-0413110535-1:253693:253693 [0] NCCL INFO Channel 04/0 : 0[0] -> 5[5] via P2P/CUMEM
DCTN-0413110535-1:253696:253696 [3] NCCL INFO Channel 19/0 : 3[3] -> 4[4] via P2P/CUMEM
DCTN-0413110535-1:253693:253693 [0] NCCL INFO Channel 05/0 : 0[0] -> 5[5] via P2P/CUMEM
DCTN-0413110535-1:253697:253697 [4] NCCL INFO Channel 00/0 : 4[4] -> 6[6] via P2P/CUMEM
DCTN-0413110535-1:253693:253693 [0] NCCL INFO Channel 06/0 : 0[0] -> 5[5] via P2P/CUMEM
DCTN-0413110535-1:253697:253697 [4] NCCL INFO Channel 01/0 : 4[4] -> 6[6] via P2P/CUMEM
DCTN-0413110535-1:253693:253693 [0] NCCL INFO Channel 07/0 : 0[0] -> 5[5] via P2P/CUMEM
DCTN-0413110535-1:253697:253697 [4] NCCL INFO Channel 02/0 : 4[4] -> 6[6] via P2P/CUMEM
DCTN-0413110535-1:253697:253697 [4] NCCL INFO Channel 04/0 : 4[4] -> 6[6] via P2P/CUMEM
DCTN-0413110535-1:253693:253693 [0] NCCL INFO Channel 08/0 : 0[0] -> 5[5] via P2P/CUMEM
DCTN-0413110535-1:253697:253697 [4] NCCL INFO Channel 05/0 : 4[4] -> 6[6] via P2P/CUMEM
DCTN-0413110535-1:253693:253693 [0] NCCL INFO Channel 09/0 : 0[0] -> 5[5] via P2P/CUMEM
DCTN-0413110535-1:253693:253693 [0] NCCL INFO Channel 10/0 : 0[0] -> 5[5] via P2P/CUMEM
DCTN-0413110535-1:253693:253693 [0] NCCL INFO Channel 11/0 : 0[0] -> 5[5] via P2P/CUMEM
DCTN-0413110535-1:253697:253697 [4] NCCL INFO Channel 06/0 : 4[4] -> 6[6] via P2P/CUMEM
DCTN-0413110535-1:253693:253693 [0] NCCL INFO Channel 12/0 : 0[0] -> 5[5] via P2P/CUMEM
DCTN-0413110535-1:253697:253697 [4] NCCL INFO Channel 07/0 : 4[4] -> 6[6] via P2P/CUMEM
DCTN-0413110535-1:253693:253693 [0] NCCL INFO Channel 13/0 : 0[0] -> 5[5] via P2P/CUMEM
DCTN-0413110535-1:253697:253697 [4] NCCL INFO Channel 08/0 : 4[4] -> 6[6] via P2P/CUMEM
DCTN-0413110535-1:253693:253693 [0] NCCL INFO Channel 14/0 : 0[0] -> 5[5] via P2P/CUMEM
DCTN-0413110535-1:253697:253697 [4] NCCL INFO Channel 10/0 : 4[4] -> 6[6] via P2P/CUMEM
DCTN-0413110535-1:253697:253697 [4] NCCL INFO Channel 11/0 : 4[4] -> 6[6] via P2P/CUMEM
DCTN-0413110535-1:253697:253697 [4] NCCL INFO Channel 12/0 : 4[4] -> 6[6] via P2P/CUMEM
DCTN-0413110535-1:253693:253693 [0] NCCL INFO Channel 15/0 : 0[0] -> 5[5] via P2P/CUMEM
DCTN-0413110535-1:253697:253697 [4] NCCL INFO Channel 14/0 : 4[4] -> 6[6] via P2P/CUMEM
DCTN-0413110535-1:253693:253693 [0] NCCL INFO Channel 16/0 : 0[0] -> 5[5] via P2P/CUMEM
DCTN-0413110535-1:253697:253697 [4] NCCL INFO Channel 15/0 : 4[4] -> 6[6] via P2P/CUMEM
DCTN-0413110535-1:253693:253693 [0] NCCL INFO Channel 17/0 : 0[0] -> 5[5] via P2P/CUMEM
DCTN-0413110535-1:253697:253697 [4] NCCL INFO Channel 16/0 : 4[4] -> 6[6] via P2P/CUMEM
DCTN-0413110535-1:253693:253693 [0] NCCL INFO Channel 18/0 : 0[0] -> 5[5] via P2P/CUMEM
